Archive member included to satisfy reference by file (symbol)

/Applications/MCUXpressoIDE_10.2.1_795/ide/tools/bin/../lib/gcc/arm-none-eabi/7.2.1/../../../../arm-none-eabi/lib/thumb/v6-m/libm.a(lib_a-s_round.o)
                              ./framework/XCVR/MKW41Z4/fsl_xcvr.o (round)
/Applications/MCUXpressoIDE_10.2.1_795/ide/tools/bin/../lib/gcc/arm-none-eabi/7.2.1/../../../../arm-none-eabi/lib/thumb/v6-m/libm.a(lib_a-s_trunc.o)
                              ./framework/XCVR/MKW41Z4/fsl_xcvr.o (trunc)
/Applications/MCUXpressoIDE_10.2.1_795/ide/tools/bin/../lib/gcc/arm-none-eabi/7.2.1/../../../../arm-none-eabi/lib/thumb/v6-m/libm.a(lib_a-sf_round.o)
                              ./framework/XCVR/MKW41Z4/fsl_xcvr_trim.o (roundf)
/Applications/MCUXpressoIDE_10.2.1_795/ide/tools/bin/../lib/gcc/arm-none-eabi/7.2.1/../../../../arm-none-eabi/lib/thumb/v6-m/libc.a(lib_a-exit.o)
                              /Applications/MCUXpressoIDE_10.2.1_795/ide/tools/bin/../lib/gcc/arm-none-eabi/7.2.1/../../../../arm-none-eabi/lib/thumb/v6-m/crt0.o (exit)
/Applications/MCUXpressoIDE_10.2.1_795/ide/tools/bin/../lib/gcc/arm-none-eabi/7.2.1/../../../../arm-none-eabi/lib/thumb/v6-m/libc.a(lib_a-impure.o)
                              /Applications/MCUXpressoIDE_10.2.1_795/ide/tools/bin/../lib/gcc/arm-none-eabi/7.2.1/../../../../arm-none-eabi/lib/thumb/v6-m/libc.a(lib_a-exit.o) (_global_impure_ptr)
/Applications/MCUXpressoIDE_10.2.1_795/ide/tools/bin/../lib/gcc/arm-none-eabi/7.2.1/../../../../arm-none-eabi/lib/thumb/v6-m/libc.a(lib_a-init.o)
                              /Applications/MCUXpressoIDE_10.2.1_795/ide/tools/bin/../lib/gcc/arm-none-eabi/7.2.1/../../../../arm-none-eabi/lib/thumb/v6-m/crt0.o (__libc_init_array)
/Applications/MCUXpressoIDE_10.2.1_795/ide/tools/bin/../lib/gcc/arm-none-eabi/7.2.1/../../../../arm-none-eabi/lib/thumb/v6-m/libc.a(lib_a-memcpy-stub.o)
                              ./ieee_802.15.4/phy/source/MKW41Z/PhyTime.o (memcpy)
/Applications/MCUXpressoIDE_10.2.1_795/ide/tools/bin/../lib/gcc/arm-none-eabi/7.2.1/../../../../arm-none-eabi/lib/thumb/v6-m/libc.a(lib_a-memset.o)
                              /Applications/MCUXpressoIDE_10.2.1_795/ide/tools/bin/../lib/gcc/arm-none-eabi/7.2.1/../../../../arm-none-eabi/lib/thumb/v6-m/crt0.o (memset)
/Applications/MCUXpressoIDE_10.2.1_795/ide/tools/bin/../lib/gcc/arm-none-eabi/7.2.1/../../../../arm-none-eabi/lib/thumb/v6-m/libc.a(lib_a-strlen-stub.o)
                              ./framework/SerialManager/Source/SerialManager.o (strlen)
/Applications/MCUXpressoIDE_10.2.1_795/ide/tools/bin/../lib/gcc/arm-none-eabi/7.2.1/../../../../arm-none-eabi/lib/thumb/v6-m/libc.a(lib_a-__call_atexit.o)
                              /Applications/MCUXpressoIDE_10.2.1_795/ide/tools/bin/../lib/gcc/arm-none-eabi/7.2.1/../../../../arm-none-eabi/lib/thumb/v6-m/libc.a(lib_a-exit.o) (__call_exitprocs)
/Applications/MCUXpressoIDE_10.2.1_795/ide/tools/bin/../lib/gcc/arm-none-eabi/7.2.1/../../../../arm-none-eabi/lib/thumb/v6-m/libc.a(lib_a-atexit.o)
                              /Applications/MCUXpressoIDE_10.2.1_795/ide/tools/bin/../lib/gcc/arm-none-eabi/7.2.1/../../../../arm-none-eabi/lib/thumb/v6-m/libc.a(lib_a-__call_atexit.o) (atexit)
/Applications/MCUXpressoIDE_10.2.1_795/ide/tools/bin/../lib/gcc/arm-none-eabi/7.2.1/../../../../arm-none-eabi/lib/thumb/v6-m/libc.a(lib_a-fini.o)
                              /Applications/MCUXpressoIDE_10.2.1_795/ide/tools/bin/../lib/gcc/arm-none-eabi/7.2.1/../../../../arm-none-eabi/lib/thumb/v6-m/libc.a(lib_a-__call_atexit.o) (__libc_fini_array)
/Applications/MCUXpressoIDE_10.2.1_795/ide/tools/bin/../lib/gcc/arm-none-eabi/7.2.1/../../../../arm-none-eabi/lib/thumb/v6-m/libc.a(lib_a-lock.o)
                              /Applications/MCUXpressoIDE_10.2.1_795/ide/tools/bin/../lib/gcc/arm-none-eabi/7.2.1/../../../../arm-none-eabi/lib/thumb/v6-m/libc.a(lib_a-__call_atexit.o) (__retarget_lock_acquire_recursive)
/Applications/MCUXpressoIDE_10.2.1_795/ide/tools/bin/../lib/gcc/arm-none-eabi/7.2.1/../../../../arm-none-eabi/lib/thumb/v6-m/libc.a(lib_a-__atexit.o)
                              /Applications/MCUXpressoIDE_10.2.1_795/ide/tools/bin/../lib/gcc/arm-none-eabi/7.2.1/../../../../arm-none-eabi/lib/thumb/v6-m/libc.a(lib_a-atexit.o) (__register_exitproc)
/Applications/MCUXpressoIDE_10.2.1_795/ide/tools/bin/../lib/gcc/arm-none-eabi/7.2.1/thumb/v6-m/libgcc.a(_udivsi3.o)
                              ./source/connectivity_test.o (__aeabi_uidiv)
/Applications/MCUXpressoIDE_10.2.1_795/ide/tools/bin/../lib/gcc/arm-none-eabi/7.2.1/thumb/v6-m/libgcc.a(_divsi3.o)
                              ./source/connectivity_test.o (__aeabi_idiv)
/Applications/MCUXpressoIDE_10.2.1_795/ide/tools/bin/../lib/gcc/arm-none-eabi/7.2.1/thumb/v6-m/libgcc.a(_dvmd_tls.o)
                              /Applications/MCUXpressoIDE_10.2.1_795/ide/tools/bin/../lib/gcc/arm-none-eabi/7.2.1/thumb/v6-m/libgcc.a(_udivsi3.o) (__aeabi_idiv0)
[...]
Memory Configuration

Name             Origin             Length             Attributes
TEXT_region1     0x0000000000000000 0x0000000000000400 xr
m_flash_config_region 0x0000000000000400 0x0000000000000010 xr
TEXT_region2     0x0000000000000411 0x000000000007f3ee xr
DATA_region      0x000000001fff8000 0x0000000000020000 rw
PRODUCT_INFO_region 0x000000000007f800 0x00000000000007ff xr
*default*        0x0000000000000000 0xffffffffffffffff

Linker script and memory map

LOAD /Applications/MCUXpressoIDE_10.2.1_795/ide/tools/bin/../lib/gcc/arm-none-eabi/7.2.1/thumb/v6-m/crti.o
LOAD /Applications/MCUXpressoIDE_10.2.1_795/ide/tools/bin/../lib/gcc/arm-none-eabi/7.2.1/thumb/v6-m/crtbegin.o
LOAD /Applications/MCUXpressoIDE_10.2.1_795/ide/tools/bin/../lib/gcc/arm-none-eabi/7.2.1/../../../../arm-none-eabi/lib/thumb/v6-m/crt0.o
LOAD ./utilities/fsl_debug_console.o
LOAD ./startup/startup_MKW41Z4.o
LOAD ./source/connectivity_test.o
LOAD ./source/connectivity_test_menus.o
LOAD ./source/connectivity_test_platform.o
LOAD ./source/mtb.o
LOAD ./source/semihost_hardfault.o
LOAD ./ieee_802.15.4/smac/source/SMAC.o
LOAD ./ieee_802.15.4/phy/source/MKW41Z/ASP.o
LOAD ./ieee_802.15.4/phy/source/MKW41Z/MPM.o
LOAD ./ieee_802.15.4/phy/source/MKW41Z/PhyISR.o
LOAD ./ieee_802.15.4/phy/source/MKW41Z/PhyPacketProcessor.o
LOAD ./ieee_802.15.4/phy/source/MKW41Z/PhyPlmeData.o
LOAD ./ieee_802.15.4/phy/source/MKW41Z/PhyStateMachine.o
LOAD ./ieee_802.15.4/phy/source/MKW41Z/PhyTime.o
LOAD ./freertos/croutine.o
LOAD ./freertos/event_groups.o
LOAD ./freertos/fsl_tickless_lptmr.o
LOAD ./freertos/fsl_tickless_systick.o
LOAD ./freertos/heap_4.o
LOAD ./freertos/list.o
LOAD ./freertos/port.o
LOAD ./freertos/queue.o
LOAD ./freertos/tasks.o
LOAD ./freertos/timers.o
LOAD ./framework/XCVR/MKW41Z4/cfgs_kw4x_3x_2x/fsl_xcvr_ant_config.o
LOAD ./framework/XCVR/MKW41Z4/cfgs_kw4x_3x_2x/fsl_xcvr_ble_config.o
LOAD ./framework/XCVR/MKW41Z4/cfgs_kw4x_3x_2x/fsl_xcvr_common_config.o
LOAD ./framework/XCVR/MKW41Z4/cfgs_kw4x_3x_2x/fsl_xcvr_gfsk_bt_0p3_h_0p5_config.o
LOAD ./framework/XCVR/MKW41Z4/cfgs_kw4x_3x_2x/fsl_xcvr_gfsk_bt_0p5_h_0p32_config.o
LOAD ./framework/XCVR/MKW41Z4/cfgs_kw4x_3x_2x/fsl_xcvr_gfsk_bt_0p5_h_0p5_config.o
LOAD ./framework/XCVR/MKW41Z4/cfgs_kw4x_3x_2x/fsl_xcvr_gfsk_bt_0p5_h_0p7_config.o
LOAD ./framework/XCVR/MKW41Z4/cfgs_kw4x_3x_2x/fsl_xcvr_gfsk_bt_0p5_h_1p0_config.o
LOAD ./framework/XCVR/MKW41Z4/cfgs_kw4x_3x_2x/fsl_xcvr_gfsk_bt_0p7_h_0p5_config.o
LOAD ./framework/XCVR/MKW41Z4/cfgs_kw4x_3x_2x/fsl_xcvr_mode_datarate_config.o
LOAD ./framework/XCVR/MKW41Z4/cfgs_kw4x_3x_2x/fsl_xcvr_msk_config.o
LOAD ./framework/XCVR/MKW41Z4/cfgs_kw4x_3x_2x/fsl_xcvr_zgbe_config.o
LOAD ./framework/XCVR/MKW41Z4/dbg_ram_capture.o
LOAD ./framework/XCVR/MKW41Z4/fsl_xcvr.o
LOAD ./framework/XCVR/MKW41Z4/fsl_xcvr_trim.o
LOAD ./framework/XCVR/MKW41Z4/ifr_radio.o
LOAD ./framework/TimersManager/Source/TMR_Adapter.o
LOAD ./framework/TimersManager/Source/TimersManager.o
LOAD ./framework/SerialManager/Source/UART_Adapter/UART_Adapter.o
LOAD ./framework/SerialManager/Source/SPI_Adapter/SPI_Adapter.o
LOAD ./framework/SerialManager/Source/I2C_Adapter/I2C_Adapter.o
LOAD ./framework/SerialManager/Source/SerialManager.o
LOAD ./framework/SecLib/SecLib.o
LOAD ./framework/Reset/Reset.o
LOAD ./framework/RNG/Source/RNG.o
LOAD ./framework/Panic/Source/Panic.o
LOAD ./framework/OSAbstraction/Source/fsl_os_abstraction_free_rtos.o
LOAD ./framework/ModuleInfo/ModuleInfo.o
LOAD ./framework/Messaging/Source/Messaging.o
LOAD ./framework/MemManager/Source/MemManager.o
LOAD ./framework/MWSCoexistence/Source/MWS.o
LOAD ./framework/Lists/GenericList.o
LOAD ./framework/LED/Source/LED.o
LOAD ./framework/Keyboard/Source/Keyboard.o
LOAD ./framework/GPIO/GPIO_Adapter.o
LOAD ./framework/FunctionLib/FunctionLib.o
LOAD ./framework/Flash/Internal/Flash_Adapter.o
LOAD ./framework/DCDC/Source/DCDC.o
LOAD ./drivers/fsl_adc16.o
LOAD ./drivers/fsl_clock.o
LOAD ./drivers/fsl_common.o
LOAD ./drivers/fsl_dspi.o
LOAD ./drivers/fsl_dspi_freertos.o
LOAD ./drivers/fsl_flash.o
LOAD ./drivers/fsl_gpio.o
LOAD ./drivers/fsl_i2c.o
LOAD ./drivers/fsl_i2c_freertos.o
LOAD ./drivers/fsl_llwu.o
LOAD ./drivers/fsl_lptmr.o
LOAD ./drivers/fsl_lpuart.o
LOAD ./drivers/fsl_lpuart_freertos.o
LOAD ./drivers/fsl_ltc.o
LOAD ./drivers/fsl_pmc.o
LOAD ./drivers/fsl_rtc.o
LOAD ./drivers/fsl_smc.o
LOAD ./drivers/fsl_tpm.o
LOAD ./drivers/fsl_trng.o
LOAD ./drivers/fsl_tsi_v4.o
LOAD ./board/board.o
LOAD ./board/clock_config.o
LOAD ./board/gpio_pins.o
LOAD ./board/peripherals.o
LOAD ./board/pin_mux.o
LOAD ./CMSIS/system_MKW41Z4.o
LOAD /Applications/MCUXpressoIDE_10.2.1_795/ide/tools/bin/../lib/gcc/arm-none-eabi/7.2.1/../../../../arm-none-eabi/lib/thumb/v6-m/libm.a
LOAD /Applications/MCUXpressoIDE_10.2.1_795/ide/tools/bin/../lib/gcc/arm-none-eabi/7.2.1/../../../../arm-none-eabi/lib/thumb/v6-m/libc.a
LOAD /Applications/MCUXpressoIDE_10.2.1_795/ide/tools/bin/../lib/gcc/arm-none-eabi/7.2.1/thumb/v6-m/libgcc.a
LOAD /Applications/MCUXpressoIDE_10.2.1_795/ide/tools/bin/../lib/gcc/arm-none-eabi/7.2.1/../../../../arm-none-eabi/lib/thumb/v6-m/libnosys.a
LOAD /Users/josephsender/Documents/MCUXpressoIDE_10.2.1/workspace/frdmkw41z_wireless_examples_smac_connectivity_test_freertos/libs/lib_crypto_m0.a
START GROUP
LOAD /Applications/MCUXpressoIDE_10.2.1_795/ide/tools/bin/../lib/gcc/arm-none-eabi/7.2.1/thumb/v6-m/libgcc.a
LOAD /Applications/MCUXpressoIDE_10.2.1_795/ide/tools/bin/../lib/gcc/arm-none-eabi/7.2.1/../../../../arm-none-eabi/lib/thumb/v6-m/libc.a
END GROUP
LOAD /Applications/MCUXpressoIDE_10.2.1_795/ide/tools/bin/../lib/gcc/arm-none-eabi/7.2.1/thumb/v6-m/crtend.o
LOAD /Applications/MCUXpressoIDE_10.2.1_795/ide/tools/bin/../lib/gcc/arm-none-eabi/7.2.1/thumb/v6-m/crtn.o
                0x000000001fff8000                _RAM_START_ = 0x1fff8000
                0x0000000020017fff                _RAM_END_ = 0x20017fff
                0x000000000007f800                FREESCALE_PROD_DATA_BASE_ADDR = 0x7f800
                0x00000000000000c0                __RAM_VECTOR_TABLE_SIZE = 0xc0
                0x0000000020017dea                __BOOT_STACK_ADDRESS = 0x20017dea
                0x000000001ffffffb                __dummy_start = 0x1ffffffb

.interrupts     0x0000000000000000       0xc0
                0x0000000000000000                __VECTOR_TABLE = .
                0x0000000000000000                . = ALIGN (0x4)
 *(.isr_vector)
 .isr_vector    0x0000000000000000       0xc0 ./startup/startup_MKW41Z4.o
                0x0000000000000000                __isr_vector
                0x00000000000000c0                . = ALIGN (0x4)

.freescale_prod_data
                0x000000000007f800        0x0
                0x000000000007f800                . = ALIGN (0x4)
 *(.FREESCALE_PROD_DATA)
                0x000000000007f800                . = ALIGN (0x4)

.flash_config   0x0000000000000400       0x10
                0x0000000000000400                . = ALIGN (0x4)
 *(.FlashConfig)
 .FlashConfig   0x0000000000000400       0x10 ./startup/startup_MKW41Z4.o
                0x0000000000000410                . = ALIGN (0x4)

.text           0x0000000000000420    0x1a24c
                0x0000000000000420                . = ALIGN (0x4)
 *(.text)
 .text          0x0000000000000420       0x48 /Applications/MCUXpressoIDE_10.2.1_795/ide/tools/bin/../lib/gcc/arm-none-eabi/7.2.1/thumb/v6-m/crtbegin.o
 .text          0x0000000000000468       0x78 /Applications/MCUXpressoIDE_10.2.1_795/ide/tools/bin/../lib/gcc/arm-none-eabi/7.2.1/../../../../arm-none-eabi/lib/thumb/v6-m/crt0.o
                0x0000000000000468                _mainCRTStartup
                0x0000000000000468                _start
 .text          0x00000000000004e0       0xc0 ./startup/startup_MKW41Z4.o
                0x00000000000004e0                Reset_Handler
                0x0000000000000528                DMA0_DriverIRQHandler
                0x0000000000000528                LVD_LVW_DCDC_IRQHandler
                0x0000000000000528                DMA1_DriverIRQHandler
                0x0000000000000528                DAC0_IRQHandler
                0x0000000000000528                TPM1_IRQHandler
                0x0000000000000528                PORTA_IRQHandler
                0x0000000000000528                FTFA_IRQHandler
                0x0000000000000528                LPTMR0_IRQHandler
                0x0000000000000528                DMA2_DriverIRQHandler
                0x0000000000000528                CMP0_IRQHandler
                0x0000000000000528                Radio_0_IRQHandler
                0x0000000000000528                TPM0_IRQHandler
                0x0000000000000528                Radio_1_IRQHandler
                0x0000000000000528                LLWU_IRQHandler
                0x0000000000000528                TSI0_IRQHandler
                0x0000000000000528                ADC0_IRQHandler
                0x0000000000000528                CMT_IRQHandler
                0x0000000000000528                DefaultISR
                0x0000000000000528                PORTB_PORTC_IRQHandler
                0x0000000000000528                TPM2_IRQHandler
                0x0000000000000528                RTC_IRQHandler
                0x0000000000000528                DMA3_DriverIRQHandler
                0x0000000000000528                RTC_Seconds_IRQHandler
                0x0000000000000528                MCG_IRQHandler
                0x0000000000000528                TRNG0_IRQHandler
                0x0000000000000528                Reserved20_IRQHandler
                0x0000000000000528                LTC0_IRQHandler
                0x0000000000000528                PIT_IRQHandler
                0x0000000000000540                DMA0_IRQHandler
                0x0000000000000544                DMA1_IRQHandler
                0x0000000000000548                DMA2_IRQHandler
                0x000000000000054c                DMA3_IRQHandler
                0x0000000000000550                I2C0_IRQHandler
                0x0000000000000554                I2C1_IRQHandler
                0x0000000000000558                SPI0_IRQHandler
                0x000000000000055c                LPUART0_IRQHandler
                0x0000000000000560                SPI1_IRQHandler
 .text          0x00000000000005a0      0x114 /Applications/MCUXpressoIDE_10.2.1_795/ide/tools/bin/../lib/gcc/arm-none-eabi/7.2.1/thumb/v6-m/libgcc.a(_udivsi3.o)
                0x00000000000005a0                __udivsi3
                0x00000000000005a0                __aeabi_uidiv
                0x00000000000006ac                __aeabi_uidivmod
 .text          0x00000000000006b4      0x1d4 /Applications/MCUXpressoIDE_10.2.1_795/ide/tools/bin/../lib/gcc/arm-none-eabi/7.2.1/thumb/v6-m/libgcc.a(_divsi3.o)
                0x00000000000006b4                __aeabi_idiv
                0x00000000000006b4                __divsi3
                0x0000000000000880                __aeabi_idivmod
 .text          0x0000000000000888        0x4 /Applications/MCUXpressoIDE_10.2.1_795/ide/tools/bin/../lib/gcc/arm-none-eabi/7.2.1/thumb/v6-m/libgcc.a(_dvmd_tls.o)
                0x0000000000000888                __aeabi_ldiv0
                0x0000000000000888                __aeabi_idiv0
 .text          0x000000000000088c       0x74 /Applications/MCUXpressoIDE_10.2.1_795/ide/tools/bin/../lib/gcc/arm-none-eabi/7.2.1/thumb/v6-m/libgcc.a(_arm_cmpsf2.o)
                0x000000000000088c                __aeabi_cfrcmple
                0x0000000000000894                __aeabi_cfcmple
                0x0000000000000894                __aeabi_cfcmpeq
                0x00000000000008a4                __aeabi_fcmpeq
                0x00000000000008b0                __aeabi_fcmplt
                0x00000000000008c4                __aeabi_fcmple
                0x00000000000008d8                __aeabi_fcmpgt
                0x00000000000008ec                __aeabi_fcmpge
 .text          0x0000000000000900       0x40 /Applications/MCUXpressoIDE_10.2.1_795/ide/tools/bin/../lib/gcc/arm-none-eabi/7.2.1/thumb/v6-m/libgcc.a(_aeabi_uldivmod.o)
                0x0000000000000900                __aeabi_uldivmod
 .text          0x0000000000000940       0x54 /Applications/MCUXpressoIDE_10.2.1_795/ide/tools/bin/../lib/gcc/arm-none-eabi/7.2.1/thumb/v6-m/libgcc.a(_muldi3.o)
                0x0000000000000940                __aeabi_lmul
                0x0000000000000940                __muldi3
 .text          0x0000000000000994       0x30 /Applications/MCUXpressoIDE_10.2.1_795/ide/tools/bin/../lib/gcc/arm-none-eabi/7.2.1/thumb/v6-m/libgcc.a(_fixunssfsi.o)
                0x0000000000000994                __aeabi_f2uiz
                0x0000000000000994                __fixunssfsi
 .text          0x00000000000009c4      0x184 /Applications/MCUXpressoIDE_10.2.1_795/ide/tools/bin/../lib/gcc/arm-none-eabi/7.2.1/thumb/v6-m/libgcc.a(_udivmoddi4.o)
                0x00000000000009c4                __udivmoddi4
 .text          0x0000000000000b48      0x334 /Applications/MCUXpressoIDE_10.2.1_795/ide/tools/bin/../lib/gcc/arm-none-eabi/7.2.1/thumb/v6-m/libgcc.a(addsf3.o)
                0x0000000000000b48                __aeabi_fadd
 .text          0x0000000000000e7c      0x224 /Applications/MCUXpressoIDE_10.2.1_795/ide/tools/bin/../lib/gcc/arm-none-eabi/7.2.1/thumb/v6-m/libgcc.a(divsf3.o)
                0x0000000000000e7c                __aeabi_fdiv
 .text          0x00000000000010a0       0x50 /Applications/MCUXpressoIDE_10.2.1_795/ide/tools/bin/../lib/gcc/arm-none-eabi/7.2.1/thumb/v6-m/libgcc.a(eqsf2.o)
                0x00000000000010a0                __nesf2
                0x00000000000010a0                __eqsf2
 .text          0x00000000000010f0       0x9c /Applications/MCUXpressoIDE_10.2.1_795/ide/tools/bin/../lib/gcc/arm-none-eabi/7.2.1/thumb/v6-m/libgcc.a(gesf2.o)
                0x00000000000010f0                __gtsf2
                0x00000000000010f0                __gesf2
 .text          0x000000000000118c       0xa0 /Applications/MCUXpressoIDE_10.2.1_795/ide/tools/bin/../lib/gcc/arm-none-eabi/7.2.1/thumb/v6-m/libgcc.a(lesf2.o)
                0x000000000000118c                __lesf2
                0x000000000000118c                __ltsf2
 .text          0x000000000000122c      0x264 /Applications/MCUXpressoIDE_10.2.1_795/ide/tools/bin/../lib/gcc/arm-none-eabi/7.2.1/thumb/v6-m/libgcc.a(mulsf3.o)
                0x000000000000122c                __aeabi_fmul
 .text          0x0000000000001490      0x388 /Applications/MCUXpressoIDE_10.2.1_795/ide/tools/bin/../lib/gcc/arm-none-eabi/7.2.1/thumb/v6-m/libgcc.a(subsf3.o)
                0x0000000000001490                __aeabi_fsub
 .text          0x0000000000001818       0x40 /Applications/MCUXpressoIDE_10.2.1_795/ide/tools/bin/../lib/gcc/arm-none-eabi/7.2.1/thumb/v6-m/libgcc.a(fixsfsi.o)
                0x0000000000001818                __aeabi_f2iz
 .text          0x0000000000001858       0x94 /Applications/MCUXpressoIDE_10.2.1_795/ide/tools/bin/../lib/gcc/arm-none-eabi/7.2.1/thumb/v6-m/libgcc.a(floatsisf.o)
                0x0000000000001858                __aeabi_i2f
 .text          0x00000000000018ec       0x80 /Applications/MCUXpressoIDE_10.2.1_795/ide/tools/bin/../lib/gcc/arm-none-eabi/7.2.1/thumb/v6-m/libgcc.a(floatunsisf.o)
                0x00000000000018ec                __aeabi_ui2f
 .text          0x000000000000196c       0x3c /Applications/MCUXpressoIDE_10.2.1_795/ide/tools/bin/../lib/gcc/arm-none-eabi/7.2.1/thumb/v6-m/libgcc.a(_clzsi2.o)
                0x000000000000196c                __clzsi2
 .text          0x00000000000019a8       0x18 /Applications/MCUXpressoIDE_10.2.1_795/ide/tools/bin/../lib/gcc/arm-none-eabi/7.2.1/thumb/v6-m/libgcc.a(_clzdi2.o)
                0x00000000000019a8                __clzdi2
 .text          0x00000000000019c0       0x38 /Users/josephsender/Documents/MCUXpressoIDE_10.2.1/workspace/frdmkw41z_wireless_examples_smac_connectivity_test_freertos/libs/lib_crypto_m0.a(SW_RNG.o)
                0x00000000000019c0                SecLib_set_rng_seed
                0x00000000000019d0                SecLib_get_random
 *(.text*)
 .text.CLOCK_SetTpmClock
                0x00000000000019f8       0x38 ./source/connectivity_test.o
 .text.TPM_StartTimer
                0x0000000000001a30       0x3a ./source/connectivity_test.o
 *fill*         0x0000000000001a6a        0x2 
 .text.InitProject
                0x0000000000001a6c       0xd4 ./source/connectivity_test.o
                0x0000000000001a6c                InitProject
 .text.smacToAppMlmeSap
                0x0000000000001b40       0x88 ./source/connectivity_test.o
                0x0000000000001b40                smacToAppMlmeSap
 .text.smacToAppMcpsSap
                0x0000000000001bc8       0x70 ./source/connectivity_test.o
                0x0000000000001bc8                smacToAppMcpsSap
 .text.main_task
                0x0000000000001c38       0xec ./source/connectivity_test.o
                0x0000000000001c38                main_task
 .text.InitApp  0x0000000000001d24       0xd8 ./source/connectivity_test.o
                0x0000000000001d24                InitApp
 .text.SerialUIStateMachine
                0x0000000000001dfc      0x20c ./source/connectivity_test.o
 .text.SerialContinuousTxRxTest
                0x0000000000002008      0x8d0 ./source/connectivity_test.o
 .text.PacketErrorRateTx
                0x00000000000028d8      0x524 ./source/connectivity_test.o
 .text.PacketErrorRateRx
                0x0000000000002dfc      0x610 ./source/connectivity_test.o
 .text.RangeTx  0x000000000000340c      0x45c ./source/connectivity_test.o
 .text.Scale    0x0000000000003868       0x52 ./source/connectivity_test.o
                0x0000000000003868                Scale
 *fill*         0x00000000000038ba        0x2 
 .text.RangeRx  0x00000000000038bc      0x3d8 ./source/connectivity_test.o
 .text.EditRegisters
                0x0000000000003c94      0x158 ./source/connectivity_test.o
 .text.DumpRegisters
                0x0000000000003dec        0xc ./source/connectivity_test.o
                0x0000000000003dec                DumpRegisters
 .text.ReadRegisters
                0x0000000000003df8        0xc ./source/connectivity_test.o
                0x0000000000003df8                ReadRegisters
 .text.OverrideRegisters
                0x0000000000003e04        0xc ./source/connectivity_test.o
                0x0000000000003e04                OverrideRegisters
 .text.CSenseAndTCtrl
                0x0000000000003e10      0x184 ./source/connectivity_test.o
 .text.TransmissionControlHandler
                0x0000000000003f94      0x580 ./source/connectivity_test.o
 .text.CarrierSenseHandler
                0x0000000000004514      0x2e0 ./source/connectivity_test.o
 .text.SetRadioRxOnNoTimeOut
                0x00000000000047f4       0x30 ./source/connectivity_test.o
 .text.PrintPerRxFinalLine
                0x0000000000004824       0x88 ./source/connectivity_test.o
 .text.TestMode
                0x00000000000048ac       0xcc ./source/connectivity_test.o
 .text.PacketHandler_Prbs9
                0x0000000000004978       0x4c ./source/connectivity_test.o
 .text.UartRxCallBack
                0x00000000000049c4       0x20 ./source/connectivity_test.o
                0x00000000000049c4                UartRxCallBack
 .text.RangeTest_Timer_CallBack
                0x00000000000049e4       0x1c ./source/connectivity_test.o
 .text.stringComp
                0x0000000000004a00       0x46 ./source/connectivity_test.o
 *fill*         0x0000000000004a46        0x2 
 .text.DelayTimeElapsed
                0x0000000000004a48       0x30 ./source/connectivity_test.o
 .text.PrintMenu
                0x0000000000004a78       0x56 ./source/connectivity_test_menus.o
                0x0000000000004a78                PrintMenu
 .text.InitApp_custom
                0x0000000000004ace        0xa ./source/connectivity_test_platform.o
                0x0000000000004ace                InitApp_custom
 .text.InitProject_custom
                0x0000000000004ad8       0x2c ./source/connectivity_test_platform.o
                0x0000000000004ad8                InitProject_custom
 .text.PrintTestParameters
                0x0000000000004b04      0x1c0 ./source/connectivity_test_platform.o
                0x0000000000004b04                PrintTestParameters
 .text.HardFault_Handler
                0x0000000000004cc4       0x30 ./source/semihost_hardfault.o
                0x0000000000004cc4                HardFault_Handler
 .text.MCPSDataRequest
                0x0000000000004cf4      0x310 ./ieee_802.15.4/smac/source/SMAC.o
                0x0000000000004cf4                MCPSDataRequest
 .text.MLMESetActivePan
                0x0000000000005004       0x58 ./ieee_802.15.4/smac/source/SMAC.o
                0x0000000000005004                MLMESetActivePan
 .text.MLMERXEnableRequest
                0x000000000000505c      0x154 ./ieee_802.15.4/smac/source/SMAC.o
                0x000000000000505c                MLMERXEnableRequest
 .text.MLMESetChannelRequest
                0x00000000000051b0       0xa0 ./ieee_802.15.4/smac/source/SMAC.o
                0x00000000000051b0                MLMESetChannelRequest
 .text.MLMEGetChannelRequest
                0x0000000000005250       0x4c ./ieee_802.15.4/smac/source/SMAC.o
                0x0000000000005250                MLMEGetChannelRequest
 .text.MLMERXDisableRequest
                0x000000000000529c      0x134 ./ieee_802.15.4/smac/source/SMAC.o
                0x000000000000529c                MLMERXDisableRequest
 .text.MLMETXDisableRequest
                0x00000000000053d0       0xa0 ./ieee_802.15.4/smac/source/SMAC.o
                0x00000000000053d0                MLMETXDisableRequest
 .text.MLMEPAOutputAdjust
                0x0000000000005470       0xa0 ./ieee_802.15.4/smac/source/SMAC.o
                0x0000000000005470                MLMEPAOutputAdjust
 .text.MLMEScanRequest
                0x0000000000005510      0x154 ./ieee_802.15.4/smac/source/SMAC.o
                0x0000000000005510                MLMEScanRequest
 .text.MLMECcaRequest
                0x0000000000005664      0x110 ./ieee_802.15.4/smac/source/SMAC.o
                0x0000000000005664                MLMECcaRequest
 .text.MLMEPhySoftReset
                0x0000000000005774      0x100 ./ieee_802.15.4/smac/source/SMAC.o
                0x0000000000005774                MLMEPhySoftReset
 .text.PD_SMAC_SapHandler
                0x0000000000005874      0x308 ./ieee_802.15.4/smac/source/SMAC.o
                0x0000000000005874                PD_SMAC_SapHandler
 .text.PLME_SMAC_SapHandler
                0x0000000000005b7c      0x488 ./ieee_802.15.4/smac/source/SMAC.o
                0x0000000000005b7c                PLME_SMAC_SapHandler
 .text.Smac_RegisterSapHandlers
                0x0000000000006004       0x40 ./ieee_802.15.4/smac/source/SMAC.o
                0x0000000000006004                Smac_RegisterSapHandlers
 .text.SMACFillHeader
                0x0000000000006044       0xec ./ieee_802.15.4/smac/source/SMAC.o
                0x0000000000006044                SMACFillHeader
 .text.InitSmac
                0x0000000000006130      0x1a8 ./ieee_802.15.4/smac/source/SMAC.o
                0x0000000000006130                InitSmac
 .text.SMACSetShortSrcAddress
                0x00000000000062d8       0xa0 ./ieee_802.15.4/smac/source/SMAC.o
                0x00000000000062d8                SMACSetShortSrcAddress
 .text.SMACSetPanID
                0x0000000000006378       0xa0 ./ieee_802.15.4/smac/source/SMAC.o
                0x0000000000006378                SMACSetPanID
 .text.BackoffTimeElapsed
                0x0000000000006418       0x8c ./ieee_802.15.4/smac/source/SMAC.o
 .text.SMACPacketCheck
                0x00000000000064a4       0x64 ./ieee_802.15.4/smac/source/SMAC.o
 .text.ASP_Init
                0x0000000000006508       0x10 ./ieee_802.15.4/phy/source/MKW41Z/ASP.o
                0x0000000000006508                ASP_Init
 .text.APP_ASP_SapHandler
                0x0000000000006518      0x288 ./ieee_802.15.4/phy/source/MKW41Z/ASP.o
                0x0000000000006518                APP_ASP_SapHandler
 .text.Asp_GetTimeReq
                0x00000000000067a0       0x18 ./ieee_802.15.4/phy/source/MKW41Z/ASP.o
                0x00000000000067a0                Asp_GetTimeReq
 .text.Asp_XcvrWriteReq
                0x00000000000067b8       0x64 ./ieee_802.15.4/phy/source/MKW41Z/ASP.o
                0x00000000000067b8                Asp_XcvrWriteReq
 .text.Asp_XcvrReadReq
                0x000000000000681c       0x64 ./ieee_802.15.4/phy/source/MKW41Z/ASP.o
                0x000000000000681c                Asp_XcvrReadReq
 .text.Asp_SetPowerLevel
                0x0000000000006880       0x3a ./ieee_802.15.4/phy/source/MKW41Z/ASP.o
                0x0000000000006880                Asp_SetPowerLevel
 .text.Asp_GetPowerLevel
                0x00000000000068ba       0x10 ./ieee_802.15.4/phy/source/MKW41Z/ASP.o
                0x00000000000068ba                Asp_GetPowerLevel
 .text.Asp_SetFADState
                0x00000000000068ca       0x3a ./ieee_802.15.4/phy/source/MKW41Z/ASP.o
                0x00000000000068ca                Asp_SetFADState
 .text.Asp_SetFADThreshold
                0x0000000000006904       0x3a ./ieee_802.15.4/phy/source/MKW41Z/ASP.o
                0x0000000000006904                Asp_SetFADThreshold
 .text.Asp_SetANTXState
                0x000000000000693e       0x3a ./ieee_802.15.4/phy/source/MKW41Z/ASP.o
                0x000000000000693e                Asp_SetANTXState
 .text.Asp_GetANTXState
                0x0000000000006978       0x10 ./ieee_802.15.4/phy/source/MKW41Z/ASP.o
                0x0000000000006978                Asp_GetANTXState
 .text.Asp_SetLQIMode
                0x0000000000006988       0x3a ./ieee_802.15.4/phy/source/MKW41Z/ASP.o
                0x0000000000006988                Asp_SetLQIMode
 .text.Asp_GetRSSILevel
                0x00000000000069c2       0x10 ./ieee_802.15.4/phy/source/MKW41Z/ASP.o
                0x00000000000069c2                Asp_GetRSSILevel
 .text.ASP_TelecSetFreq
                0x00000000000069d2       0x40 ./ieee_802.15.4/phy/source/MKW41Z/ASP.o
                0x00000000000069d2                ASP_TelecSetFreq
 *fill*         0x0000000000006a12        0x2 
 .text.ASP_TelecSendRawData
                0x0000000000006a14       0x84 ./ieee_802.15.4/phy/source/MKW41Z/ASP.o
                0x0000000000006a14                ASP_TelecSendRawData
 .text.ASP_TelecTest
                0x0000000000006a98      0x29c ./ieee_802.15.4/phy/source/MKW41Z/ASP.o
                0x0000000000006a98                ASP_TelecTest
 .text.ASP_TxInterval
                0x0000000000006d34       0x98 ./ieee_802.15.4/phy/source/MKW41Z/ASP.o
 .text.ASP_PRBS9_Load
                0x0000000000006dcc       0x20 ./ieee_802.15.4/phy/source/MKW41Z/ASP.o
 .text.NVIC_EnableIRQ
                0x0000000000006dec       0x2c ./ieee_802.15.4/phy/source/MKW41Z/PhyISR.o
 .text.NVIC_ClearPendingIRQ
                0x0000000000006e18       0x30 ./ieee_802.15.4/phy/source/MKW41Z/PhyISR.o
 .text.NVIC_SetPriority
                0x0000000000006e48       0xdc ./ieee_802.15.4/phy/source/MKW41Z/PhyISR.o
 .text.ProtectFromXcvrInterrupt
                0x0000000000006f24       0x3c ./ieee_802.15.4/phy/source/MKW41Z/PhyISR.o
                0x0000000000006f24                ProtectFromXcvrInterrupt
 .text.UnprotectFromXcvrInterrupt
                0x0000000000006f60       0x44 ./ieee_802.15.4/phy/source/MKW41Z/PhyISR.o
                0x0000000000006f60                UnprotectFromXcvrInterrupt
 .text.PhyIsrPassRxParams
                0x0000000000006fa4       0x1c ./ieee_802.15.4/phy/source/MKW41Z/PhyISR.o
                0x0000000000006fa4                PhyIsrPassRxParams
 .text.PhyIsrSeqCleanup
                0x0000000000006fc0       0x5c ./ieee_802.15.4/phy/source/MKW41Z/PhyISR.o
 .text.PhyIsrTimeoutCleanup
                0x000000000000701c       0x60 ./ieee_802.15.4/phy/source/MKW41Z/PhyISR.o
 .text.Phy_GetEnergyLevel
                0x000000000000707c       0x58 ./ieee_802.15.4/phy/source/MKW41Z/PhyISR.o
                0x000000000000707c                Phy_GetEnergyLevel
 .text.PhyGetLastRxRssiValue
                0x00000000000070d4       0x44 ./ieee_802.15.4/phy/source/MKW41Z/PhyISR.o
                0x00000000000070d4                PhyGetLastRxRssiValue
 .text.PHY_InterruptHandler
                0x0000000000007118      0x340 ./ieee_802.15.4/phy/source/MKW41Z/PhyISR.o
                0x0000000000007118                PHY_InterruptHandler
 .text.PHY_InstallIsr
                0x0000000000007458       0x30 ./ieee_802.15.4/phy/source/MKW41Z/PhyISR.o
                0x0000000000007458                PHY_InstallIsr
 .text.Phy_GetRxParams
                0x0000000000007488       0x74 ./ieee_802.15.4/phy/source/MKW41Z/PhyISR.o
 .text.Phy_LqiConvert
                0x00000000000074fc       0x46 ./ieee_802.15.4/phy/source/MKW41Z/PhyISR.o
 *fill*         0x0000000000007542        0x2 
 .text.PhyHwInit
                0x0000000000007544      0x148 ./ieee_802.15.4/phy/source/MKW41Z/PhyPacketProcessor.o
                0x0000000000007544                PhyHwInit
 .text.PhyAbort
                0x000000000000768c       0xac ./ieee_802.15.4/phy/source/MKW41Z/PhyPacketProcessor.o
                0x000000000000768c                PhyAbort
 .text.PhyPpGetState
                0x0000000000007738       0x1c ./ieee_802.15.4/phy/source/MKW41Z/PhyPacketProcessor.o
                0x0000000000007738                PhyPpGetState
 .text.PhyPpSetPanId
                0x0000000000007754       0x70 ./ieee_802.15.4/phy/source/MKW41Z/PhyPacketProcessor.o
                0x0000000000007754                PhyPpSetPanId
 .text.PhyPpSetShortAddr
                0x00000000000077c4       0x70 ./ieee_802.15.4/phy/source/MKW41Z/PhyPacketProcessor.o
                0x00000000000077c4                PhyPpSetShortAddr
 .text.PhyPpSetLongAddr
                0x0000000000007834       0x60 ./ieee_802.15.4/phy/source/MKW41Z/PhyPacketProcessor.o
                0x0000000000007834                PhyPpSetLongAddr
 .text.PhyPpSetMacRole
                0x0000000000007894       0x90 ./ieee_802.15.4/phy/source/MKW41Z/PhyPacketProcessor.o
                0x0000000000007894                PhyPpSetMacRole
 .text.PhyPpSetPromiscuous
                0x0000000000007924       0x70 ./ieee_802.15.4/phy/source/MKW41Z/PhyPacketProcessor.o
                0x0000000000007924                PhyPpSetPromiscuous
 .text.PhyPp_IndirectQueueInsert
                0x0000000000007994       0x74 ./ieee_802.15.4/phy/source/MKW41Z/PhyPacketProcessor.o
                0x0000000000007994                PhyPp_IndirectQueueInsert
 .text.PhyPp_RemoveFromIndirect
                0x0000000000007a08       0x64 ./ieee_802.15.4/phy/source/MKW41Z/PhyPacketProcessor.o
                0x0000000000007a08                PhyPp_RemoveFromIndirect
 .text.PhyPpIsTxAckDataPending
                0x0000000000007a6c       0x4c ./ieee_802.15.4/phy/source/MKW41Z/PhyPacketProcessor.o
                0x0000000000007a6c                PhyPpIsTxAckDataPending
 .text.PhyPlmeSetFADThresholdRequest
                0x0000000000007ab8       0x24 ./ieee_802.15.4/phy/source/MKW41Z/PhyPacketProcessor.o
                0x0000000000007ab8                PhyPlmeSetFADThresholdRequest
 .text.PhyPlmeSetFADStateRequest
                0x0000000000007adc       0x38 ./ieee_802.15.4/phy/source/MKW41Z/PhyPacketProcessor.o
                0x0000000000007adc                PhyPlmeSetFADStateRequest
 .text.PhyPlmeSetLQIModeRequest
                0x0000000000007b14       0x44 ./ieee_802.15.4/phy/source/MKW41Z/PhyPacketProcessor.o
                0x0000000000007b14                PhyPlmeSetLQIModeRequest
 .text.PhyPlmeGetRSSILevelRequest
                0x0000000000007b58       0x18 ./ieee_802.15.4/phy/source/MKW41Z/PhyPacketProcessor.o
                0x0000000000007b58                PhyPlmeGetRSSILevelRequest
 .text.PhyPlmeSetANTXStateRequest
                0x0000000000007b70       0x3c ./ieee_802.15.4/phy/source/MKW41Z/PhyPacketProcessor.o
                0x0000000000007b70                PhyPlmeSetANTXStateRequest
 .text.PhyPlmeGetANTXStateRequest
                0x0000000000007bac       0x1c ./ieee_802.15.4/phy/source/MKW41Z/PhyPacketProcessor.o
                0x0000000000007bac                PhyPlmeGetANTXStateRequest
 .text.PhyPlmeSetPwrState
                0x0000000000007bc8      0x128 ./ieee_802.15.4/phy/source/MKW41Z/PhyPacketProcessor.o
                0x0000000000007bc8                PhyPlmeSetPwrState
 .text.PhyPdDataRequest
                0x0000000000007cf0      0x194 ./ieee_802.15.4/phy/source/MKW41Z/PhyPlmeData.o
                0x0000000000007cf0                PhyPdDataRequest
 .text.PhyPlmeRxRequest
                0x0000000000007e84      0x16c ./ieee_802.15.4/phy/source/MKW41Z/PhyPlmeData.o
                0x0000000000007e84                PhyPlmeRxRequest
 .text.PhyPlmeCcaEdRequest
                0x0000000000007ff0      0x11c ./ieee_802.15.4/phy/source/MKW41Z/PhyPlmeData.o
                0x0000000000007ff0                PhyPlmeCcaEdRequest
 .text.PhyPlmeSetCurrentChannelRequest
                0x000000000000810c       0x8c ./ieee_802.15.4/phy/source/MKW41Z/PhyPlmeData.o
                0x000000000000810c                PhyPlmeSetCurrentChannelRequest
 .text.PhyPlmeGetCurrentChannelRequest
                0x0000000000008198       0x3c ./ieee_802.15.4/phy/source/MKW41Z/PhyPlmeData.o
                0x0000000000008198                PhyPlmeGetCurrentChannelRequest
 .text.PhyPlmeSetPwrLevelRequest
                0x00000000000081d4       0x7c ./ieee_802.15.4/phy/source/MKW41Z/PhyPlmeData.o
                0x00000000000081d4                PhyPlmeSetPwrLevelRequest
 .text.PhyPlmeGetPwrLevelRequest
                0x0000000000008250       0x34 ./ieee_802.15.4/phy/source/MKW41Z/PhyPlmeData.o
                0x0000000000008250                PhyPlmeGetPwrLevelRequest
 .text.PhyPlmeSetPIBRequest
                0x0000000000008284      0x1c0 ./ieee_802.15.4/phy/source/MKW41Z/PhyPlmeData.o
                0x0000000000008284                PhyPlmeSetPIBRequest
 .text.PhyPlmeGetPIBRequest
                0x0000000000008444      0x3dc ./ieee_802.15.4/phy/source/MKW41Z/PhyPlmeData.o
                0x0000000000008444                PhyPlmeGetPIBRequest
 .text.PhyRxRetry
                0x0000000000008820       0x74 ./ieee_802.15.4/phy/source/MKW41Z/PhyPlmeData.o
 .text.Phy_Init
                0x0000000000008894       0x48 ./ieee_802.15.4/phy/source/MKW41Z/PhyStateMachine.o
                0x0000000000008894                Phy_Init
 .text.Phy_RegisterSapHandlers
                0x00000000000088dc       0x24 ./ieee_802.15.4/phy/source/MKW41Z/PhyStateMachine.o
                0x00000000000088dc                Phy_RegisterSapHandlers
 .text.Phy24Task
                0x0000000000008900      0x176 ./ieee_802.15.4/phy/source/MKW41Z/PhyStateMachine.o
 *fill*         0x0000000000008a76        0x2 
 .text.MAC_PD_SapHandler
                0x0000000000008a78       0xb8 ./ieee_802.15.4/phy/source/MKW41Z/PhyStateMachine.o
                0x0000000000008a78                MAC_PD_SapHandler
 .text.MAC_PLME_SapHandler
                0x0000000000008b30      0x1a0 ./ieee_802.15.4/phy/source/MKW41Z/PhyStateMachine.o
                0x0000000000008b30                MAC_PLME_SapHandler
 .text.Phy_HandlePdDataReq
                0x0000000000008cd0      0x194 ./ieee_802.15.4/phy/source/MKW41Z/PhyStateMachine.o
 .text.Phy_SetSequenceTiming
                0x0000000000008e64       0xa2 ./ieee_802.15.4/phy/source/MKW41Z/PhyStateMachine.o
                0x0000000000008e64                Phy_SetSequenceTiming
 *fill*         0x0000000000008f06        0x2 
 .text.Phy_EnterIdle
                0x0000000000008f08       0x8c ./ieee_802.15.4/phy/source/MKW41Z/PhyStateMachine.o
 .text.PhyPlmeSetFrameWaitTime
                0x0000000000008f94       0x1c ./ieee_802.15.4/phy/source/MKW41Z/PhyStateMachine.o
                0x0000000000008f94                PhyPlmeSetFrameWaitTime
 .text.PhyPlmeSetRxOnWhenIdle
                0x0000000000008fb0       0x88 ./ieee_802.15.4/phy/source/MKW41Z/PhyStateMachine.o
                0x0000000000008fb0                PhyPlmeSetRxOnWhenIdle
 .text.PhyIsIdleRx
                0x0000000000009038       0x50 ./ieee_802.15.4/phy/source/MKW41Z/PhyStateMachine.o
                0x0000000000009038                PhyIsIdleRx
 .text.Radio_Phy_PdDataConfirm
                0x0000000000009088       0x98 ./ieee_802.15.4/phy/source/MKW41Z/PhyStateMachine.o
                0x0000000000009088                Radio_Phy_PdDataConfirm
 .text.Radio_Phy_PdDataIndication
                0x0000000000009120       0x24 ./ieee_802.15.4/phy/source/MKW41Z/PhyStateMachine.o
                0x0000000000009120                Radio_Phy_PdDataIndication
 .text.Radio_Phy_TimeWaitTimeoutIndication
                0x0000000000009144       0x14 ./ieee_802.15.4/phy/source/MKW41Z/PhyStateMachine.o
                0x0000000000009144                Radio_Phy_TimeWaitTimeoutIndication
 .text.Radio_Phy_PlmeCcaConfirm
                0x0000000000009158       0x34 ./ieee_802.15.4/phy/source/MKW41Z/PhyStateMachine.o
                0x0000000000009158                Radio_Phy_PlmeCcaConfirm
 .text.Radio_Phy_PlmeEdConfirm
                0x000000000000918c       0x34 ./ieee_802.15.4/phy/source/MKW41Z/PhyStateMachine.o
                0x000000000000918c                Radio_Phy_PlmeEdConfirm
 .text.Radio_Phy_TimeRxTimeoutIndication
                0x00000000000091c0       0x30 ./ieee_802.15.4/phy/source/MKW41Z/PhyStateMachine.o
                0x00000000000091c0                Radio_Phy_TimeRxTimeoutIndication
 .text.Radio_Phy_TimeStartEventIndication
                0x00000000000091f0       0x10 ./ieee_802.15.4/phy/source/MKW41Z/PhyStateMachine.o
                0x00000000000091f0                Radio_Phy_TimeStartEventIndication
 .text.Radio_Phy_PlmeRxWatermark
                0x0000000000009200       0xbc ./ieee_802.15.4/phy/source/MKW41Z/PhyStateMachine.o
                0x0000000000009200                Radio_Phy_PlmeRxWatermark
 .text.Radio_Phy_PlmeSyncLossIndication
                0x00000000000092bc       0x1c ./ieee_802.15.4/phy/source/MKW41Z/PhyStateMachine.o
                0x00000000000092bc                Radio_Phy_PlmeSyncLossIndication
 .text.Radio_Phy_PlmeFilterFailRx
                0x00000000000092d8       0x10 ./ieee_802.15.4/phy/source/MKW41Z/PhyStateMachine.o
                0x00000000000092d8                Radio_Phy_PlmeFilterFailRx
 .text.PLME_SendMessage
                0x00000000000092e8       0xc4 ./ieee_802.15.4/phy/source/MKW41Z/PhyStateMachine.o
 .text.PD_SendMessage
                0x00000000000093ac      0x1c4 ./ieee_802.15.4/phy/source/MKW41Z/PhyStateMachine.o
 .text.Phy_SendLatePLME
                0x0000000000009570       0x24 ./ieee_802.15.4/phy/source/MKW41Z/PhyStateMachine.o
 .text.Phy_SendLatePD
                0x0000000000009594       0x24 ./ieee_802.15.4/phy/source/MKW41Z/PhyStateMachine.o
 .text.Radio_Phy_Notify
                0x00000000000095b8       0x18 ./ieee_802.15.4/phy/source/MKW41Z/PhyStateMachine.o
                0x00000000000095b8                Radio_Phy_Notify
 .text.PhyTimeSetEventTrigger
                0x00000000000095d0       0x68 ./ieee_802.15.4/phy/source/MKW41Z/PhyTime.o
                0x00000000000095d0                PhyTimeSetEventTrigger
 .text.PhyTimeDisableEventTrigger
                0x0000000000009638       0x5c ./ieee_802.15.4/phy/source/MKW41Z/PhyTime.o
                0x0000000000009638                PhyTimeDisableEventTrigger
 .text.PhyTimeSetEventTimeout
                0x0000000000009694       0x74 ./ieee_802.15.4/phy/source/MKW41Z/PhyTime.o
                0x0000000000009694                PhyTimeSetEventTimeout
 .text.PhyTimeGetEventTimeout
                0x0000000000009708       0x20 ./ieee_802.15.4/phy/source/MKW41Z/PhyTime.o
                0x0000000000009708                PhyTimeGetEventTimeout
 .text.PhyTimeDisableEventTimeout
                0x0000000000009728       0x60 ./ieee_802.15.4/phy/source/MKW41Z/PhyTime.o
                0x0000000000009728                PhyTimeDisableEventTimeout
 .text.PhyTimeReadClock
                0x0000000000009788       0x28 ./ieee_802.15.4/phy/source/MKW41Z/PhyTime.o
                0x0000000000009788                PhyTimeReadClock
 .text.PhyTimeSetWaitTimeout
                0x00000000000097b0       0x68 ./ieee_802.15.4/phy/source/MKW41Z/PhyTime.o
                0x00000000000097b0                PhyTimeSetWaitTimeout
 .text.PhyTimeDisableWaitTimeout
                0x0000000000009818       0x50 ./ieee_802.15.4/phy/source/MKW41Z/PhyTime.o
                0x0000000000009818                PhyTimeDisableWaitTimeout
 .text.PhyTime_ISR
                0x0000000000009868       0x54 ./ieee_802.15.4/phy/source/MKW41Z/PhyTime.o
                0x0000000000009868                PhyTime_ISR
 .text.PhyTime_TimerInit
                0x00000000000098bc       0x90 ./ieee_802.15.4/phy/source/MKW41Z/PhyTime.o
                0x00000000000098bc                PhyTime_TimerInit
 .text.PhyTime_GetTimestamp
                0x000000000000994c       0x80 ./ieee_802.15.4/phy/source/MKW41Z/PhyTime.o
                0x000000000000994c                PhyTime_GetTimestamp
 .text.PhyTime_ScheduleEvent
                0x00000000000099cc       0xec ./ieee_802.15.4/phy/source/MKW41Z/PhyTime.o
                0x00000000000099cc                PhyTime_ScheduleEvent
 .text.PhyTime_CancelEvent
                0x0000000000009ab8       0xa4 ./ieee_802.15.4/phy/source/MKW41Z/PhyTime.o
                0x0000000000009ab8                PhyTime_CancelEvent
 .text.PhyTime_RunCallback
                0x0000000000009b5c       0x64 ./ieee_802.15.4/phy/source/MKW41Z/PhyTime.o
                0x0000000000009b5c                PhyTime_RunCallback
 .text.PhyTime_Maintenance
                0x0000000000009bc0       0x74 ./ieee_802.15.4/phy/source/MKW41Z/PhyTime.o
                0x0000000000009bc0                PhyTime_Maintenance
 .text.PhyTime_OverflowCB
                0x0000000000009c34       0x50 ./ieee_802.15.4/phy/source/MKW41Z/PhyTime.o
 .text.PhyTime_GetNextEvent
                0x0000000000009c84       0x74 ./ieee_802.15.4/phy/source/MKW41Z/PhyTime.o
 .text.xEventGroupCreate
                0x0000000000009cf8       0x30 ./freertos/event_groups.o
                0x0000000000009cf8                xEventGroupCreate
 .text.xEventGroupWaitBits
                0x0000000000009d28      0x148 ./freertos/event_groups.o
                0x0000000000009d28                xEventGroupWaitBits
 .text.xEventGroupSetBits
                0x0000000000009e70       0xf2 ./freertos/event_groups.o
                0x0000000000009e70                xEventGroupSetBits
 .text.vEventGroupSetBitsCallback
                0x0000000000009f62       0x1e ./freertos/event_groups.o
                0x0000000000009f62                vEventGroupSetBitsCallback
 .text.prvTestWaitCondition
                0x0000000000009f80       0x3e ./freertos/event_groups.o
 *fill*         0x0000000000009fbe        0x2 
 .text.xEventGroupSetBitsFromISR
                0x0000000000009fc0       0x2c ./freertos/event_groups.o
                0x0000000000009fc0                xEventGroupSetBitsFromISR
 .text.prvSetupTimerInterrupt
                0x0000000000009fec       0x40 ./freertos/fsl_tickless_lptmr.o
                0x0000000000009fec                prvSetupTimerInterrupt
 .text.pvPortMalloc
                0x000000000000a02c      0x14c ./freertos/heap_4.o
                0x000000000000a02c                pvPortMalloc
 .text.vPortFree
                0x000000000000a178       0x90 ./freertos/heap_4.o
                0x000000000000a178                vPortFree
 .text.prvHeapInit
                0x000000000000a208       0xc0 ./freertos/heap_4.o
 .text.prvInsertBlockIntoFreeList
                0x000000000000a2c8       0xb0 ./freertos/heap_4.o
 .text.vListInitialise
                0x000000000000a378       0x3c ./freertos/list.o
                0x000000000000a378                vListInitialise
 .text.vListInitialiseItem
                0x000000000000a3b4       0x16 ./freertos/list.o
                0x000000000000a3b4                vListInitialiseItem
 .text.vListInsertEnd
                0x000000000000a3ca       0x44 ./freertos/list.o
                0x000000000000a3ca                vListInsertEnd
 .text.vListInsert
                0x000000000000a40e       0x6c ./freertos/list.o
                0x000000000000a40e                vListInsert
 .text.uxListRemove
                0x000000000000a47a       0x50 ./freertos/list.o
                0x000000000000a47a                uxListRemove
 *fill*         0x000000000000a4ca        0x2 
 .text.pxPortInitialiseStack
                0x000000000000a4cc       0x54 ./freertos/port.o
                0x000000000000a4cc                pxPortInitialiseStack
 .text.prvTaskExitError
                0x000000000000a520       0x18 ./freertos/port.o
 .text.SVC_Handler
                0x000000000000a538        0xa ./freertos/port.o
                0x000000000000a538                SVC_Handler
 *fill*         0x000000000000a542        0xe 
 .text.vPortStartFirstTask
                0x000000000000a550       0x38 ./freertos/port.o
 .text.xPortStartScheduler
                0x000000000000a588       0x44 ./freertos/port.o
                0x000000000000a588                xPortStartScheduler
 .text.vPortYield
                0x000000000000a5cc       0x20 ./freertos/port.o
                0x000000000000a5cc                vPortYield
 .text.vPortEnterCritical
                0x000000000000a5ec       0x24 ./freertos/port.o
                0x000000000000a5ec                vPortEnterCritical
 .text.vPortExitCritical
                0x000000000000a610       0x30 ./freertos/port.o
                0x000000000000a610                vPortExitCritical
 .text.ulSetInterruptMaskFromISR
                0x000000000000a640        0xc ./freertos/port.o
                0x000000000000a640                ulSetInterruptMaskFromISR
 .text.vClearInterruptMaskFromISR
                0x000000000000a64c        0x8 ./freertos/port.o
                0x000000000000a64c                vClearInterruptMaskFromISR
 *fill*         0x000000000000a654        0xc 
 .text.PendSV_Handler
                0x000000000000a660       0x48 ./freertos/port.o
                0x000000000000a660                PendSV_Handler
 .text.SysTick_Handler
                0x000000000000a6a8       0x34 ./freertos/port.o
                0x000000000000a6a8                SysTick_Handler
 .text.xQueueGenericReset
                0x000000000000a6dc       0xa8 ./freertos/queue.o
                0x000000000000a6dc                xQueueGenericReset
 .text.xQueueGenericCreate
                0x000000000000a784       0x64 ./freertos/queue.o
                0x000000000000a784                xQueueGenericCreate
 .text.prvInitialiseNewQueue
                0x000000000000a7e8       0x4e ./freertos/queue.o
 .text.xQueueCreateCountingSemaphore
                0x000000000000a836       0x46 ./freertos/queue.o
                0x000000000000a836                xQueueCreateCountingSemaphore
 .text.xQueueGenericSend
                0x000000000000a87c      0x188 ./freertos/queue.o
                0x000000000000a87c                xQueueGenericSend
 .text.xQueueGenericSendFromISR
                0x000000000000aa04       0xe2 ./freertos/queue.o
                0x000000000000aa04                xQueueGenericSendFromISR
 .text.xQueueGiveFromISR
                0x000000000000aae6       0xca ./freertos/queue.o
                0x000000000000aae6                xQueueGiveFromISR
 .text.xQueueGenericReceive
                0x000000000000abb0      0x1c8 ./freertos/queue.o
                0x000000000000abb0                xQueueGenericReceive
 .text.prvCopyDataToQueue
                0x000000000000ad78       0xd6 ./freertos/queue.o
 .text.prvCopyDataFromQueue
                0x000000000000ae4e       0x4c ./freertos/queue.o
 .text.prvUnlockQueue
                0x000000000000ae9a       0xbc ./freertos/queue.o
 .text.prvIsQueueEmpty
                0x000000000000af56       0x2c ./freertos/queue.o
 .text.prvIsQueueFull
                0x000000000000af82       0x30 ./freertos/queue.o
 *fill*         0x000000000000afb2        0x2 
 .text.vQueueAddToRegistry
                0x000000000000afb4       0x50 ./freertos/queue.o
                0x000000000000afb4                vQueueAddToRegistry
 .text.vQueueWaitForMessageRestricted
                0x000000000000b004       0x66 ./freertos/queue.o
                0x000000000000b004                vQueueWaitForMessageRestricted
 .text.xTaskCreate
                0x000000000000b06a       0x90 ./freertos/tasks.o
                0x000000000000b06a                xTaskCreate
 *fill*         0x000000000000b0fa        0x2 
 .text.prvInitialiseNewTask
                0x000000000000b0fc      0x12c ./freertos/tasks.o
 .text.prvAddNewTaskToReadyList
                0x000000000000b228       0xd0 ./freertos/tasks.o
 .text.vTaskStartScheduler
                0x000000000000b2f8       0x78 ./freertos/tasks.o
                0x000000000000b2f8                vTaskStartScheduler
 .text.vTaskSuspendAll
                0x000000000000b370       0x18 ./freertos/tasks.o
                0x000000000000b370                vTaskSuspendAll
 .text.xTaskResumeAll
                0x000000000000b388      0x118 ./freertos/tasks.o
                0x000000000000b388                xTaskResumeAll
 .text.xTaskGetTickCount
                0x000000000000b4a0       0x1c ./freertos/tasks.o
                0x000000000000b4a0                xTaskGetTickCount
 .text.xTaskIncrementTick
                0x000000000000b4bc      0x14c ./freertos/tasks.o
                0x000000000000b4bc                xTaskIncrementTick
 .text.vTaskSwitchContext
                0x000000000000b608       0xa4 ./freertos/tasks.o
                0x000000000000b608                vTaskSwitchContext
 .text.vTaskPlaceOnEventList
                0x000000000000b6ac       0x3c ./freertos/tasks.o
                0x000000000000b6ac                vTaskPlaceOnEventList
 .text.vTaskPlaceOnUnorderedEventList
                0x000000000000b6e8       0x5c ./freertos/tasks.o
                0x000000000000b6e8                vTaskPlaceOnUnorderedEventList
 .text.vTaskPlaceOnEventListRestricted
                0x000000000000b744       0x4c ./freertos/tasks.o
                0x000000000000b744                vTaskPlaceOnEventListRestricted
 .text.xTaskRemoveFromEventList
                0x000000000000b790       0xb8 ./freertos/tasks.o
                0x000000000000b790                xTaskRemoveFromEventList
 .text.xTaskRemoveFromUnorderedEventList
                0x000000000000b848       0xb0 ./freertos/tasks.o
                0x000000000000b848                xTaskRemoveFromUnorderedEventList
 .text.vTaskSetTimeOutState
                0x000000000000b8f8       0x34 ./freertos/tasks.o
                0x000000000000b8f8                vTaskSetTimeOutState
 .text.xTaskCheckForTimeOut
                0x000000000000b92c       0x9c ./freertos/tasks.o
                0x000000000000b92c                xTaskCheckForTimeOut
 .text.vTaskMissedYield
                0x000000000000b9c8       0x14 ./freertos/tasks.o
                0x000000000000b9c8                vTaskMissedYield
 .text.prvIdleTask
                0x000000000000b9dc       0x20 ./freertos/tasks.o
 .text.prvInitialiseTaskLists
                0x000000000000b9fc       0x88 ./freertos/tasks.o
 .text.prvCheckTasksWaitingTermination
                0x000000000000ba84       0x74 ./freertos/tasks.o
 .text.prvDeleteTCB
                0x000000000000baf8       0x22 ./freertos/tasks.o
 *fill*         0x000000000000bb1a        0x2 
 .text.prvResetNextTaskUnblockTime
                0x000000000000bb1c       0x48 ./freertos/tasks.o
 .text.xTaskGetCurrentTaskHandle
                0x000000000000bb64       0x1c ./freertos/tasks.o
                0x000000000000bb64                xTaskGetCurrentTaskHandle
 .text.xTaskGetSchedulerState
                0x000000000000bb80       0x38 ./freertos/tasks.o
                0x000000000000bb80                xTaskGetSchedulerState
 .text.vTaskPriorityInherit
                0x000000000000bbb8       0xbc ./freertos/tasks.o
                0x000000000000bbb8                vTaskPriorityInherit
 .text.xTaskPriorityDisinherit
                0x000000000000bc74       0xb8 ./freertos/tasks.o
                0x000000000000bc74                xTaskPriorityDisinherit
 .text.uxTaskResetEventItemValue
                0x000000000000bd2c       0x2c ./freertos/tasks.o
                0x000000000000bd2c                uxTaskResetEventItemValue
 .text.pvTaskIncrementMutexHeldCount
                0x000000000000bd58       0x24 ./freertos/tasks.o
                0x000000000000bd58                pvTaskIncrementMutexHeldCount
 .text.prvAddCurrentTaskToDelayedList
                0x000000000000bd7c       0xa8 ./freertos/tasks.o
 .text.xTimerCreateTimerTask
                0x000000000000be24       0x54 ./freertos/timers.o
                0x000000000000be24                xTimerCreateTimerTask
 .text.xTimerGenericCommand
                0x000000000000be78       0x98 ./freertos/timers.o
                0x000000000000be78                xTimerGenericCommand
 .text.prvProcessExpiredTimer
                0x000000000000bf10       0x70 ./freertos/timers.o
 .text.prvTimerTask
                0x000000000000bf80       0x28 ./freertos/timers.o
 .text.prvProcessTimerOrBlockTask
                0x000000000000bfa8       0x8c ./freertos/timers.o
 .text.prvGetNextExpireTime
                0x000000000000c034       0x40 ./freertos/timers.o
 .text.prvSampleTimeNow
                0x000000000000c074       0x40 ./freertos/timers.o
 .text.prvInsertTimerInActiveList
                0x000000000000c0b4       0x84 ./freertos/timers.o
 .text.prvProcessReceivedCommands
                0x000000000000c138      0x12c ./freertos/timers.o
 .text.prvSwitchTimerLists
                0x000000000000c264       0xb4 ./freertos/timers.o
 .text.prvCheckForValidListAndQueue
                0x000000000000c318       0x74 ./freertos/timers.o
 .text.xTimerPendFunctionCallFromISR
                0x000000000000c38c       0x4c ./freertos/timers.o
                0x000000000000c38c                xTimerPendFunctionCallFromISR
 .text.XCVR_Init
                0x000000000000c3d8      0x12c ./framework/XCVR/MKW41Z4/fsl_xcvr.o
                0x000000000000c3d8                XCVR_Init
 .text.XCVR_GetDefaultConfig
                0x000000000000c504      0x170 ./framework/XCVR/MKW41Z4/fsl_xcvr.o
                0x000000000000c504                XCVR_GetDefaultConfig
 .text.XCVR_Configure
                0x000000000000c674      0x98c ./framework/XCVR/MKW41Z4/fsl_xcvr.o
                0x000000000000c674                XCVR_Configure
 .text.XcvrPanic
                0x000000000000d000       0x40 ./framework/XCVR/MKW41Z4/fsl_xcvr.o
                0x000000000000d000                XcvrPanic
 .text.XCVR_SetXtalTrim
                0x000000000000d040       0x68 ./framework/XCVR/MKW41Z4/fsl_xcvr.o
                0x000000000000d040                XCVR_SetXtalTrim
 .text.XCVR_GetXtalTrim
                0x000000000000d0a8       0x24 ./framework/XCVR/MKW41Z4/fsl_xcvr.o
                0x000000000000d0a8                XCVR_GetXtalTrim
 .text.XCVR_OverrideChannel
                0x000000000000d0cc      0x13c ./framework/XCVR/MKW41Z4/fsl_xcvr.o
                0x000000000000d0cc                XCVR_OverrideChannel
 .text.XCVR_ForceRxWu
                0x000000000000d208       0x1c ./framework/XCVR/MKW41Z4/fsl_xcvr.o
                0x000000000000d208                XCVR_ForceRxWu
 .text.XCVR_ForceRxWd
                0x000000000000d224       0x1c ./framework/XCVR/MKW41Z4/fsl_xcvr.o
                0x000000000000d224                XCVR_ForceRxWd
 .text.calc_dcoc_dac_step
                0x000000000000d240       0x88 ./framework/XCVR/MKW41Z4/fsl_xcvr_trim.o
                0x000000000000d240                calc_dcoc_dac_step
 .text.XcvrCalDelay
                0x000000000000d2c8       0x1e ./framework/XCVR/MKW41Z4/fsl_xcvr_trim.o
                0x000000000000d2c8                XcvrCalDelay
 *fill*         0x000000000000d2e6        0x2 
 .text.rx_dc_est_average
                0x000000000000d2e8      0x1a0 ./framework/XCVR/MKW41Z4/fsl_xcvr_trim.o
                0x000000000000d2e8                rx_dc_est_average
 .text.rx_bba_dcoc_dac_trim_DCest
                0x000000000000d488      0x7a0 ./framework/XCVR/MKW41Z4/fsl_xcvr_trim.o
                0x000000000000d488                rx_bba_dcoc_dac_trim_DCest
 .text.DCOC_DAC_INIT_Cal
                0x000000000000dc28      0x608 ./framework/XCVR/MKW41Z4/fsl_xcvr_trim.o
                0x000000000000dc28                DCOC_DAC_INIT_Cal
 .text.read_first_ifr_word
                0x000000000000e230       0x20 ./framework/XCVR/MKW41Z4/ifr_radio.o
                0x000000000000e230                read_first_ifr_word
 .text.read_another_ifr_word
                0x000000000000e250       0x2c ./framework/XCVR/MKW41Z4/ifr_radio.o
                0x000000000000e250                read_another_ifr_word
 .text.read_resource_ifr
                0x000000000000e27c       0xd4 ./framework/XCVR/MKW41Z4/ifr_radio.o
                0x000000000000e27c                read_resource_ifr
 .text.store_sw_trim
                0x000000000000e350       0x98 ./framework/XCVR/MKW41Z4/ifr_radio.o
                0x000000000000e350                store_sw_trim
 .text.handle_ifr
                0x000000000000e3e8      0x184 ./framework/XCVR/MKW41Z4/ifr_radio.o
                0x000000000000e3e8                handle_ifr
 .text.NVIC_EnableIRQ
                0x000000000000e56c       0x2c ./framework/TimersManager/Source/TMR_Adapter.o
 .text.NVIC_ClearPendingIRQ
                0x000000000000e598       0x30 ./framework/TimersManager/Source/TMR_Adapter.o
 .text.NVIC_SetPriority
                0x000000000000e5c8       0xdc ./framework/TimersManager/Source/TMR_Adapter.o
 .text.TPM_GetStatusFlags
                0x000000000000e6a4       0x14 ./framework/TimersManager/Source/TMR_Adapter.o
 .text.TPM_ClearStatusFlags
                0x000000000000e6b8       0x18 ./framework/TimersManager/Source/TMR_Adapter.o
 .text.TPM_StartTimer
                0x000000000000e6d0       0x3a ./framework/TimersManager/Source/TMR_Adapter.o
 .text.TPM_StopTimer
                0x000000000000e70a       0x2a ./framework/TimersManager/Source/TMR_Adapter.o
 .text.StackTimer_Init
                0x000000000000e734       0x98 ./framework/TimersManager/Source/TMR_Adapter.o
                0x000000000000e734                StackTimer_Init
 .text.StackTimer_Enable
                0x000000000000e7cc       0x1c ./framework/TimersManager/Source/TMR_Adapter.o
                0x000000000000e7cc                StackTimer_Enable
 .text.StackTimer_Disable
                0x000000000000e7e8       0x18 ./framework/TimersManager/Source/TMR_Adapter.o
                0x000000000000e7e8                StackTimer_Disable
 .text.StackTimer_GetInputFrequency
                0x000000000000e800       0x24 ./framework/TimersManager/Source/TMR_Adapter.o
                0x000000000000e800                StackTimer_GetInputFrequency
 .text.StackTimer_GetCounterValue
                0x000000000000e824       0x14 ./framework/TimersManager/Source/TMR_Adapter.o
                0x000000000000e824                StackTimer_GetCounterValue
 .text.StackTimer_SetOffsetTicks
                0x000000000000e838       0x24 ./framework/TimersManager/Source/TMR_Adapter.o
                0x000000000000e838                StackTimer_SetOffsetTicks
 .text.StackTimer_ClearIntFlag
                0x000000000000e85c       0x30 ./framework/TimersManager/Source/TMR_Adapter.o
                0x000000000000e85c                StackTimer_ClearIntFlag
 .text.TMR_GetTimerStatus
                0x000000000000e88c       0x28 ./framework/TimersManager/Source/TimersManager.o
 .text.TMR_SetTimerStatus
                0x000000000000e8b4       0x44 ./framework/TimersManager/Source/TimersManager.o
 .text.TMR_GetTimerType
                0x000000000000e8f8       0x28 ./framework/TimersManager/Source/TimersManager.o
 .text.TMR_SetTimerType
                0x000000000000e920       0x44 ./framework/TimersManager/Source/TimersManager.o
 .text.TmrTicksFromMilliseconds
                0x000000000000e964       0x4c ./framework/TimersManager/Source/TimersManager.o
                0x000000000000e964                TmrTicksFromMilliseconds
 .text.TMR_Init
                0x000000000000e9b0       0x80 ./framework/TimersManager/Source/TimersManager.o
                0x000000000000e9b0                TMR_Init
 .text.TMR_NotifyClkChanged
                0x000000000000ea30       0x44 ./framework/TimersManager/Source/TimersManager.o
                0x000000000000ea30                TMR_NotifyClkChanged
 .text.TMR_AllocateTimer
                0x000000000000ea74       0x50 ./framework/TimersManager/Source/TimersManager.o
                0x000000000000ea74                TMR_AllocateTimer
 .text.StackTimer_ISR
                0x000000000000eac4       0x24 ./framework/TimersManager/Source/TimersManager.o
 .text.TMR_StartTimer
                0x000000000000eae8       0xec ./framework/TimersManager/Source/TimersManager.o
                0x000000000000eae8                TMR_StartTimer
 .text.TMR_StartLowPowerTimer
                0x000000000000ebd4       0x40 ./framework/TimersManager/Source/TimersManager.o
                0x000000000000ebd4                TMR_StartLowPowerTimer
 .text.TMR_StartSingleShotTimer
                0x000000000000ec14       0x32 ./framework/TimersManager/Source/TimersManager.o
                0x000000000000ec14                TMR_StartSingleShotTimer
 *fill*         0x000000000000ec46        0x2 
 .text.TMR_StopTimer
                0x000000000000ec48       0xe8 ./framework/TimersManager/Source/TimersManager.o
                0x000000000000ec48                TMR_StopTimer
 .text.TMR_Task
                0x000000000000ed30      0x530 ./framework/TimersManager/Source/TimersManager.o
                0x000000000000ed30                TMR_Task
 .text.TMR_EnableTimer
                0x000000000000f260       0x84 ./framework/TimersManager/Source/TimersManager.o
                0x000000000000f260                TMR_EnableTimer
 .text.NVIC_EnableIRQ
                0x000000000000f2e4       0x2c ./framework/SerialManager/Source/UART_Adapter/UART_Adapter.o
 .text.NVIC_SetPriority
                0x000000000000f310       0xdc ./framework/SerialManager/Source/UART_Adapter/UART_Adapter.o
 .text.LPUART_WriteByte
                0x000000000000f3ec       0x1e ./framework/SerialManager/Source/UART_Adapter/UART_Adapter.o
 .text.LPUART_ReadByte
                0x000000000000f40a       0x16 ./framework/SerialManager/Source/UART_Adapter/UART_Adapter.o
 .text.LPUART_Initialize
                0x000000000000f420       0xe8 ./framework/SerialManager/Source/UART_Adapter/UART_Adapter.o
                0x000000000000f420                LPUART_Initialize
 .text.LPUART_SetBaudrate
                0x000000000000f508       0x44 ./framework/SerialManager/Source/UART_Adapter/UART_Adapter.o
                0x000000000000f508                LPUART_SetBaudrate
 .text.LPUART_SendData
                0x000000000000f54c       0xc0 ./framework/SerialManager/Source/UART_Adapter/UART_Adapter.o
                0x000000000000f54c                LPUART_SendData
 .text.LPUART_InstallRxCalback
                0x000000000000f60c       0x44 ./framework/SerialManager/Source/UART_Adapter/UART_Adapter.o
                0x000000000000f60c                LPUART_InstallRxCalback
 .text.LPUART_InstallTxCalback
                0x000000000000f650       0x44 ./framework/SerialManager/Source/UART_Adapter/UART_Adapter.o
                0x000000000000f650                LPUART_InstallTxCalback
 .text.LPUART_IsTxActive
                0x000000000000f694       0x58 ./framework/SerialManager/Source/UART_Adapter/UART_Adapter.o
                0x000000000000f694                LPUART_IsTxActive
 .text.LPUART_ISR
                0x000000000000f6ec      0x17c ./framework/SerialManager/Source/UART_Adapter/UART_Adapter.o
 .text.SerialManager_Init
                0x000000000000f868       0x80 ./framework/SerialManager/Source/SerialManager.o
                0x000000000000f868                SerialManager_Init
 .text.SerialManagerTask
                0x000000000000f8e8      0x17c ./framework/SerialManager/Source/SerialManager.o
                0x000000000000f8e8                SerialManagerTask
 .text.Serial_InitInterface
                0x000000000000fa64      0x184 ./framework/SerialManager/Source/SerialManager.o
                0x000000000000fa64                Serial_InitInterface
 .text.Serial_AsyncWrite
                0x000000000000fbe8      0x198 ./framework/SerialManager/Source/SerialManager.o
                0x000000000000fbe8                Serial_AsyncWrite
 .text.Serial_SyncWrite
                0x000000000000fd80       0xd8 ./framework/SerialManager/Source/SerialManager.o
                0x000000000000fd80                Serial_SyncWrite
 .text.Serial_SetRxCallBack
                0x000000000000fe58       0x6c ./framework/SerialManager/Source/SerialManager.o
                0x000000000000fe58                Serial_SetRxCallBack
 .text.Serial_SetBaudRate
                0x000000000000fec4       0x88 ./framework/SerialManager/Source/SerialManager.o
                0x000000000000fec4                Serial_SetBaudRate
 .text.Serial_Print
                0x000000000000ff4c       0x7a ./framework/SerialManager/Source/SerialManager.o
                0x000000000000ff4c                Serial_Print
 .text.Serial_PrintHex
                0x000000000000ffc6      0x19a ./framework/SerialManager/Source/SerialManager.o
                0x000000000000ffc6                Serial_PrintHex
 .text.Serial_PrintDec
                0x0000000000010160       0xa0 ./framework/SerialManager/Source/SerialManager.o
                0x0000000000010160                Serial_PrintDec
 .text.Serial_WriteInternal
                0x0000000000010200      0x104 ./framework/SerialManager/Source/SerialManager.o
 .text.SerialManager_RxNotify
                0x0000000000010304       0xb0 ./framework/SerialManager/Source/SerialManager.o
                0x0000000000010304                SerialManager_RxNotify
 .text.SerialManager_TxNotify
                0x00000000000103b4       0xd0 ./framework/SerialManager/Source/SerialManager.o
                0x00000000000103b4                SerialManager_TxNotify
 .text.Serial_TxQueueMaintenance
                0x0000000000010484      0x128 ./framework/SerialManager/Source/SerialManager.o
 .text.Serial_SyncTxCallback
                0x00000000000105ac       0x1c ./framework/SerialManager/Source/SerialManager.o
 .text.Serial_UartRxCb
                0x00000000000105c8       0x54 ./framework/SerialManager/Source/SerialManager.o
 .text.Serial_UartTxCb
                0x000000000001061c       0x1a ./framework/SerialManager/Source/SerialManager.o
 *fill*         0x0000000000010636        0x2 
 .text.NVIC_EnableIRQ
                0x0000000000010638       0x2c ./framework/RNG/Source/RNG.o
 .text.EnableIRQ
                0x0000000000010664       0x2c ./framework/RNG/Source/RNG.o
 .text.RNG_Init
                0x0000000000010690       0xe0 ./framework/RNG/Source/RNG.o
                0x0000000000010690                RNG_Init
 .text.RNG_GetRandomNo
                0x0000000000010770       0x2c ./framework/RNG/Source/RNG.o
                0x0000000000010770                RNG_GetRandomNo
 .text.TRNG_ISR
                0x000000000001079c       0x3c ./framework/RNG/Source/RNG.o
 .text.panic    0x00000000000107d8       0x16 ./framework/Panic/Source/Panic.o
                0x00000000000107d8                panic
 .text.__assertion_failed
                0x00000000000107ee       0x10 ./framework/Panic/Source/Panic.o
                0x00000000000107ee                __assertion_failed
 .text.startup_task
                0x00000000000107fe       0x12 ./framework/OSAbstraction/Source/fsl_os_abstraction_free_rtos.o
                0x00000000000107fe                startup_task
 .text.OSA_TaskGetId
                0x0000000000010810       0x10 ./framework/OSAbstraction/Source/fsl_os_abstraction_free_rtos.o
                0x0000000000010810                OSA_TaskGetId
 .text.OSA_TaskCreate
                0x0000000000010820       0x4c ./framework/OSAbstraction/Source/fsl_os_abstraction_free_rtos.o
                0x0000000000010820                OSA_TaskCreate
 .text.OSA_SemaphoreCreate
                0x000000000001086c       0x20 ./framework/OSAbstraction/Source/fsl_os_abstraction_free_rtos.o
                0x000000000001086c                OSA_SemaphoreCreate
 .text.OSA_SemaphoreWait
                0x000000000001088c       0x62 ./framework/OSAbstraction/Source/fsl_os_abstraction_free_rtos.o
                0x000000000001088c                OSA_SemaphoreWait
 *fill*         0x00000000000108ee        0x2 
 .text.OSA_SemaphorePost
                0x00000000000108f0       0x9c ./framework/OSAbstraction/Source/fsl_os_abstraction_free_rtos.o
                0x00000000000108f0                OSA_SemaphorePost
 .text.OSA_EventCreate
                0x000000000001098c       0x70 ./framework/OSAbstraction/Source/fsl_os_abstraction_free_rtos.o
                0x000000000001098c                OSA_EventCreate
 .text.OSA_EventSet
                0x00000000000109fc       0xa0 ./framework/OSAbstraction/Source/fsl_os_abstraction_free_rtos.o
                0x00000000000109fc                OSA_EventSet
 .text.OSA_EventWait
                0x0000000000010a9c       0xa4 ./framework/OSAbstraction/Source/fsl_os_abstraction_free_rtos.o
                0x0000000000010a9c                OSA_EventWait
 .text.OSA_InterruptEnable
                0x0000000000010b40       0x4c ./framework/OSAbstraction/Source/fsl_os_abstraction_free_rtos.o
                0x0000000000010b40                OSA_InterruptEnable
 .text.OSA_InterruptDisable
                0x0000000000010b8c       0x4c ./framework/OSAbstraction/Source/fsl_os_abstraction_free_rtos.o
                0x0000000000010b8c                OSA_InterruptDisable
 .text.OSA_InstallIntHandler
                0x0000000000010bd8       0x20 ./framework/OSAbstraction/Source/fsl_os_abstraction_free_rtos.o
                0x0000000000010bd8                OSA_InstallIntHandler
 .text.main     0x0000000000010bf8       0x24 ./framework/OSAbstraction/Source/fsl_os_abstraction_free_rtos.o
                0x0000000000010bf8                main
 .text.osObjectAlloc
                0x0000000000010c1c       0x4a ./framework/OSAbstraction/Source/fsl_os_abstraction_free_rtos.o
 .text.osObjectIsAllocated
                0x0000000000010c66       0x52 ./framework/OSAbstraction/Source/fsl_os_abstraction_free_rtos.o
 .text.osObjectFree
                0x0000000000010cb8       0x48 ./framework/OSAbstraction/Source/fsl_os_abstraction_free_rtos.o
 .text.ListAddTailMsg
                0x0000000000010d00       0x26 ./framework/Messaging/Source/Messaging.o
                0x0000000000010d00                ListAddTailMsg
 .text.ListRemoveHeadMsg
                0x0000000000010d26       0x2a ./framework/Messaging/Source/Messaging.o
                0x0000000000010d26                ListRemoveHeadMsg
 .text.MEM_Init
                0x0000000000010d50       0xc4 ./framework/MemManager/Source/MemManager.o
                0x0000000000010d50                MEM_Init
 .text.MEM_BufferAllocWithId
                0x0000000000010e14       0xb8 ./framework/MemManager/Source/MemManager.o
                0x0000000000010e14                MEM_BufferAllocWithId
 .text.MEM_BufferFree
                0x0000000000010ecc       0xb0 ./framework/MemManager/Source/MemManager.o
                0x0000000000010ecc                MEM_BufferFree
 .text.ListInit
                0x0000000000010f7c       0x2c ./framework/Lists/GenericList.o
                0x0000000000010f7c                ListInit
 .text.ListAddTail
                0x0000000000010fa8       0x76 ./framework/Lists/GenericList.o
                0x0000000000010fa8                ListAddTail
 .text.ListRemoveHead
                0x000000000001101e       0x68 ./framework/Lists/GenericList.o
                0x000000000001101e                ListRemoveHead
 *fill*         0x0000000000011086        0x2 
 .text.LED_Init
                0x0000000000011088       0x2c ./framework/LED/Source/LED.o
                0x0000000000011088                LED_Init
 .text.PORT_SetPinConfig
                0x00000000000110b4       0x38 ./framework/GPIO/GPIO_Adapter.o
 .text.PORT_SetPinMux
                0x00000000000110ec       0x40 ./framework/GPIO/GPIO_Adapter.o
 .text.GpioSetPinMux
                0x000000000001112c       0x44 ./framework/GPIO/GPIO_Adapter.o
                0x000000000001112c                GpioSetPinMux
 .text.GpioOutputPinInit
                0x0000000000011170      0x100 ./framework/GPIO/GPIO_Adapter.o
                0x0000000000011170                GpioOutputPinInit
 .text.FLib_MemCpy
                0x0000000000011270       0x36 ./framework/FunctionLib/FunctionLib.o
                0x0000000000011270                FLib_MemCpy
 .text.FLib_MemCmp
                0x00000000000112a6       0x52 ./framework/FunctionLib/FunctionLib.o
                0x00000000000112a6                FLib_MemCmp
 .text.FLib_MemSet
                0x00000000000112f8       0x36 ./framework/FunctionLib/FunctionLib.o
                0x00000000000112f8                FLib_MemSet
 *fill*         0x000000000001132e        0x2 
 .text.NV_Flash_WaitForCSEndAndDisableInterrupts
                0x0000000000011330       0x4c ./framework/Flash/Internal/Flash_Adapter.o
 .text.NV_FlashProgramAdaptation
                0x000000000001137c       0x9c ./framework/Flash/Internal/Flash_Adapter.o
 .text.NV_VerifyCrcOverHWParameters
                0x0000000000011418       0x50 ./framework/Flash/Internal/Flash_Adapter.o
 .text.NV_ComputeCrcOverHWParameters
                0x0000000000011468       0xd0 ./framework/Flash/Internal/Flash_Adapter.o
 .text.NV_Init  0x0000000000011538       0x50 ./framework/Flash/Internal/Flash_Adapter.o
                0x0000000000011538                NV_Init
 .text.NV_FlashProgramUnaligned
                0x0000000000011588      0x166 ./framework/Flash/Internal/Flash_Adapter.o
                0x0000000000011588                NV_FlashProgramUnaligned
 *fill*         0x00000000000116ee        0x2 
 .text.NV_FlashEraseSector
                0x00000000000116f0       0x34 ./framework/Flash/Internal/Flash_Adapter.o
                0x00000000000116f0                NV_FlashEraseSector
 .text.NV_ReadHWParameters
                0x0000000000011724       0x68 ./framework/Flash/Internal/Flash_Adapter.o
                0x0000000000011724                NV_ReadHWParameters
 .text.NV_WriteHWParameters
                0x000000000001178c       0xa0 ./framework/Flash/Internal/Flash_Adapter.o
                0x000000000001178c                NV_WriteHWParameters
 .text.CLOCK_EnableClock
                0x000000000001182c       0x34 ./framework/DCDC/Source/DCDC.o
 .text.ADC16_EnableHardwareTrigger
                0x0000000000011860       0x3a ./framework/DCDC/Source/DCDC.o
 *fill*         0x000000000001189a        0x2 
 .text.ADC16_GetChannelConversionValue
                0x000000000001189c       0x30 ./framework/DCDC/Source/DCDC.o
 .text.DCDC_MakeADCConversion
                0x00000000000118cc       0x44 ./framework/DCDC/Source/DCDC.o
 .text.DCDC_AdjustVbatDiv
                0x0000000000011910       0x6c ./framework/DCDC/Source/DCDC.o
 .text.DCDC_Get1P8VOutputTargetAndVBatInmV
                0x000000000001197c       0xf4 ./framework/DCDC/Source/DCDC.o
 .text.DCDC_mVTo1P8OutputTargetBoost
                0x0000000000011a70      0x168 ./framework/DCDC/Source/DCDC.o
 .text.DCDC_mVTo1P8OutputTargetBuck
                0x0000000000011bd8       0xe4 ./framework/DCDC/Source/DCDC.o
 .text.DCDC_mVToMcuVOutputTargetBoost
                0x0000000000011cbc       0x8c ./framework/DCDC/Source/DCDC.o
                0x0000000000011cbc                DCDC_mVToMcuVOutputTargetBoost
 .text.DCDC_GetOutputTargetsBoost
                0x0000000000011d48       0xd0 ./framework/DCDC/Source/DCDC.o
 .text.DCDC_GetOutputTargetsBuck
                0x0000000000011e18       0x8c ./framework/DCDC/Source/DCDC.o
 .text.DCDC_VBatMonitorBoost
                0x0000000000011ea4      0x1bc ./framework/DCDC/Source/DCDC.o
 .text.DCDC_VBatMonitorBuck
                0x0000000000012060      0x1c0 ./framework/DCDC/Source/DCDC.o
 .text.DCDC_Init
                0x0000000000012220      0x220 ./framework/DCDC/Source/DCDC.o
                0x0000000000012220                DCDC_Init
 .text.CLOCK_EnableClock
                0x0000000000012440       0x34 ./drivers/fsl_adc16.o
 .text.ADC16_GetInstance
                0x0000000000012474       0x48 ./drivers/fsl_adc16.o
 .text.ADC16_Init
                0x00000000000124bc      0x114 ./drivers/fsl_adc16.o
                0x00000000000124bc                ADC16_Init
 .text.ADC16_DoAutoCalibration
                0x00000000000125d0      0x11a ./drivers/fsl_adc16.o
                0x00000000000125d0                ADC16_DoAutoCalibration
 .text.ADC16_SetChannelMuxMode
                0x00000000000126ea       0x3a ./drivers/fsl_adc16.o
                0x00000000000126ea                ADC16_SetChannelMuxMode
 .text.ADC16_SetHardwareCompareConfig
                0x0000000000012724       0x8c ./drivers/fsl_adc16.o
                0x0000000000012724                ADC16_SetHardwareCompareConfig
 .text.ADC16_SetHardwareAverage
                0x00000000000127b0       0x40 ./drivers/fsl_adc16.o
                0x00000000000127b0                ADC16_SetHardwareAverage
 .text.ADC16_GetStatusFlags
                0x00000000000127f0       0x3a ./drivers/fsl_adc16.o
                0x00000000000127f0                ADC16_GetStatusFlags
 *fill*         0x000000000001282a        0x2 
 .text.ADC16_SetChannelConfig
                0x000000000001282c       0x6c ./drivers/fsl_adc16.o
                0x000000000001282c                ADC16_SetChannelConfig
 .text.ADC16_GetChannelStatusFlags
                0x0000000000012898       0x40 ./drivers/fsl_adc16.o
                0x0000000000012898                ADC16_GetChannelStatusFlags
 .text.CLOCK_SetEr32kClock
                0x00000000000128d8       0x34 ./drivers/fsl_clock.o
 .text.CLOCK_GetMcgExtClkFreq
                0x000000000001290c       0x70 ./drivers/fsl_clock.o
 .text.CLOCK_GetFllExtRefClkFreq
                0x000000000001297c       0xbc ./drivers/fsl_clock.o
 .text.CLOCK_GetInternalRefClkSelectFreq
                0x0000000000012a38       0x40 ./drivers/fsl_clock.o
 .text.CLOCK_GetFllRefClkFreq
                0x0000000000012a78       0x2c ./drivers/fsl_clock.o
 .text.CLOCK_GetOscRangeFromFreq
                0x0000000000012aa4       0x4c ./drivers/fsl_clock.o
 .text.CLOCK_GetEr32kClkFreq
                0x0000000000012af0       0x58 ./drivers/fsl_clock.o
                0x0000000000012af0                CLOCK_GetEr32kClkFreq
 .text.CLOCK_GetOsc0ErClkFreq
                0x0000000000012b48       0x28 ./drivers/fsl_clock.o
                0x0000000000012b48                CLOCK_GetOsc0ErClkFreq
 .text.CLOCK_GetFreq
                0x0000000000012b70       0xd8 ./drivers/fsl_clock.o
                0x0000000000012b70                CLOCK_GetFreq
 .text.CLOCK_SetSimConfig
                0x0000000000012c48       0x2c ./drivers/fsl_clock.o
                0x0000000000012c48                CLOCK_SetSimConfig
 .text.CLOCK_GetOutClkFreq
                0x0000000000012c74       0x54 ./drivers/fsl_clock.o
                0x0000000000012c74                CLOCK_GetOutClkFreq
 .text.CLOCK_GetFllFreq
                0x0000000000012cc8       0x78 ./drivers/fsl_clock.o
                0x0000000000012cc8                CLOCK_GetFllFreq
 .text.CLOCK_GetInternalRefClkFreq
                0x0000000000012d40       0x28 ./drivers/fsl_clock.o
                0x0000000000012d40                CLOCK_GetInternalRefClkFreq
 .text.CLOCK_SetExternalRefClkConfig
                0x0000000000012d68       0x80 ./drivers/fsl_clock.o
                0x0000000000012d68                CLOCK_SetExternalRefClkConfig
 .text.CLOCK_SetInternalRefClkConfig
                0x0000000000012de8      0x128 ./drivers/fsl_clock.o
                0x0000000000012de8                CLOCK_SetInternalRefClkConfig
 .text.CLOCK_InitOsc0
                0x0000000000012f10       0x68 ./drivers/fsl_clock.o
                0x0000000000012f10                CLOCK_InitOsc0
 .text.CLOCK_SetFeeMode
                0x0000000000012f78      0x13c ./drivers/fsl_clock.o
                0x0000000000012f78                CLOCK_SetFeeMode
 .text.CLOCK_BootToFeeMode
                0x00000000000130b4       0x4e ./drivers/fsl_clock.o
                0x00000000000130b4                CLOCK_BootToFeeMode
 .text.DisableGlobalIRQ
                0x0000000000013102       0x1c ./drivers/fsl_common.o
 .text.EnableGlobalIRQ
                0x000000000001311e       0x1a ./drivers/fsl_common.o
 .text.InstallIRQHandler
                0x0000000000013138       0x98 ./drivers/fsl_common.o
                0x0000000000013138                InstallIRQHandler
 .text.DSPI_IsMaster
                0x00000000000131d0       0x18 ./drivers/fsl_dspi.o
 .text.DSPI_CommonIRQHandler
                0x00000000000131e8       0x40 ./drivers/fsl_dspi.o
 .text.SPI0_DriverIRQHandler
                0x0000000000013228       0x34 ./drivers/fsl_dspi.o
                0x0000000000013228                SPI0_DriverIRQHandler
 .text.SPI1_DriverIRQHandler
                0x000000000001325c       0x34 ./drivers/fsl_dspi.o
                0x000000000001325c                SPI1_DriverIRQHandler
 .text.FLASH_Init
                0x0000000000013290       0xe8 ./drivers/fsl_flash.o
                0x0000000000013290                FLASH_Init
 .text.FLASH_PrepareExecuteInRamFunctions
                0x0000000000013378       0x3c ./drivers/fsl_flash.o
                0x0000000000013378                FLASH_PrepareExecuteInRamFunctions
 .text.FLASH_Erase
                0x00000000000133b4       0xf4 ./drivers/fsl_flash.o
                0x00000000000133b4                FLASH_Erase
 .text.FLASH_Program
                0x00000000000134a8      0x100 ./drivers/fsl_flash.o
                0x00000000000134a8                FLASH_Program
 .text.copy_flash_run_command
                0x00000000000135a8       0x30 ./drivers/fsl_flash.o
 .text.flash_command_sequence
                0x00000000000135d8       0x78 ./drivers/fsl_flash.o
 .text.copy_flash_common_bit_operation
                0x0000000000013650       0x3c ./drivers/fsl_flash.o
 .text.mcm_flash_cache_clear
                0x000000000001368c       0x2c ./drivers/fsl_flash.o
                0x000000000001368c                mcm_flash_cache_clear
 .text.flash_cache_clear
                0x00000000000136b8       0x1a ./drivers/fsl_flash.o
                0x00000000000136b8                flash_cache_clear
 .text.flash_cache_clear_process
                0x00000000000136d2       0x3a ./drivers/fsl_flash.o
 .text.flash_check_execute_in_ram_function_info
                0x000000000001370c       0x36 ./drivers/fsl_flash.o
 .text.flash_check_range
                0x0000000000013742       0x5c ./drivers/fsl_flash.o
 .text.flash_get_matched_operation_info
                0x000000000001379e       0x76 ./drivers/fsl_flash.o
 .text.flash_check_user_key
                0x0000000000013814       0x24 ./drivers/fsl_flash.o
 .text.GPIO_WritePinOutput
                0x0000000000013838       0x34 ./drivers/fsl_gpio.o
 .text.GPIO_PinInit
                0x000000000001386c       0x64 ./drivers/fsl_gpio.o
                0x000000000001386c                GPIO_PinInit
 .text.I2C_TransferCommonIRQHandler
                0x00000000000138d0       0x54 ./drivers/fsl_i2c.o
 .text.I2C0_DriverIRQHandler
                0x0000000000013924       0x20 ./drivers/fsl_i2c.o
                0x0000000000013924                I2C0_DriverIRQHandler
 .text.I2C1_DriverIRQHandler
                0x0000000000013944       0x20 ./drivers/fsl_i2c.o
                0x0000000000013944                I2C1_DriverIRQHandler
 .text.CLOCK_EnableClock
                0x0000000000013964       0x34 ./drivers/fsl_lpuart.o
 .text.LPUART_GetInstance
                0x0000000000013998       0x48 ./drivers/fsl_lpuart.o
                0x0000000000013998                LPUART_GetInstance
 .text.LPUART_Init
                0x00000000000139e0      0x284 ./drivers/fsl_lpuart.o
                0x00000000000139e0                LPUART_Init
 .text.LPUART_GetDefaultConfig
                0x0000000000013c64       0x50 ./drivers/fsl_lpuart.o
                0x0000000000013c64                LPUART_GetDefaultConfig
 .text.LPUART_SetBaudRate
                0x0000000000013cb4      0x18c ./drivers/fsl_lpuart.o
                0x0000000000013cb4                LPUART_SetBaudRate
 .text.LPUART_EnableInterrupts
                0x0000000000013e40       0x3a ./drivers/fsl_lpuart.o
                0x0000000000013e40                LPUART_EnableInterrupts
 .text.LPUART_DisableInterrupts
                0x0000000000013e7a       0x3e ./drivers/fsl_lpuart.o
                0x0000000000013e7a                LPUART_DisableInterrupts
 .text.LPUART_GetEnabledInterrupts
                0x0000000000013eb8       0x30 ./drivers/fsl_lpuart.o
                0x0000000000013eb8                LPUART_GetEnabledInterrupts
 .text.LPUART_GetStatusFlags
                0x0000000000013ee8       0x18 ./drivers/fsl_lpuart.o
                0x0000000000013ee8                LPUART_GetStatusFlags
 .text.LPUART_ClearStatusFlags
                0x0000000000013f00       0x88 ./drivers/fsl_lpuart.o
                0x0000000000013f00                LPUART_ClearStatusFlags
 .text.LPUART0_DriverIRQHandler
                0x0000000000013f88       0x24 ./drivers/fsl_lpuart.o
                0x0000000000013f88                LPUART0_DriverIRQHandler
 .text.CLOCK_EnableClock
                0x0000000000013fac       0x34 ./drivers/fsl_tpm.o
 .text.TPM_GetInstance
                0x0000000000013fe0       0x54 ./drivers/fsl_tpm.o
 .text.TPM_Init
                0x0000000000014034       0xec ./drivers/fsl_tpm.o
                0x0000000000014034                TPM_Init
 .text.TPM_GetDefaultConfig
                0x0000000000014120       0x60 ./drivers/fsl_tpm.o
                0x0000000000014120                TPM_GetDefaultConfig
 .text.TPM_SetupPwm
                0x0000000000014180      0x474 ./drivers/fsl_tpm.o
                0x0000000000014180                TPM_SetupPwm
 .text.TPM_UpdatePwmDutycycle
                0x00000000000145f4      0x190 ./drivers/fsl_tpm.o
                0x00000000000145f4                TPM_UpdatePwmDutycycle
 .text.TPM_UpdateChnlEdgeLevelSelect
                0x0000000000014784      0x108 ./drivers/fsl_tpm.o
                0x0000000000014784                TPM_UpdateChnlEdgeLevelSelect
 .text.TPM_SetupOutputCompare
                0x000000000001488c      0x134 ./drivers/fsl_tpm.o
                0x000000000001488c                TPM_SetupOutputCompare
 .text.TPM_EnableInterrupts
                0x00000000000149c0       0x80 ./drivers/fsl_tpm.o
                0x00000000000149c0                TPM_EnableInterrupts
 .text.CLOCK_EnableClock
                0x0000000000014a40       0x34 ./drivers/fsl_trng.o
 .text.trng_GetInstance
                0x0000000000014a74       0x48 ./drivers/fsl_trng.o
 .text.TRNG_GetDefaultConfig
                0x0000000000014abc       0xe0 ./drivers/fsl_trng.o
                0x0000000000014abc                TRNG_GetDefaultConfig
 .text.trng_SetRetryCount
                0x0000000000014b9c       0x50 ./drivers/fsl_trng.o
 .text.trng_SetStatisticalCheckLimit
                0x0000000000014bec      0x320 ./drivers/fsl_trng.o
 .text.trng_ApplyUserConfig
                0x0000000000014f0c      0x1c4 ./drivers/fsl_trng.o
 .text.trng_ReadEntropy
                0x00000000000150d0       0x34 ./drivers/fsl_trng.o
 .text.TRNG_Init
                0x0000000000015104       0xb8 ./drivers/fsl_trng.o
                0x0000000000015104                TRNG_Init
 .text.TRNG_GetRandomData
                0x00000000000151bc       0xe6 ./drivers/fsl_trng.o
                0x00000000000151bc                TRNG_GetRandomData
 *fill*         0x00000000000152a2        0x2 
 .text.CLOCK_EnableClock
                0x00000000000152a4       0x34 ./board/board.o
 .text.hardware_init
                0x00000000000152d8      0x220 ./board/board.o
                0x00000000000152d8                hardware_init
 .text.NMI_Handler
                0x00000000000154f8       0x20 ./board/board.o
                0x00000000000154f8                NMI_Handler
 .text.BOARD_DCDCInit
                0x0000000000015518       0x18 ./board/board.o
                0x0000000000015518                BOARD_DCDCInit
 .text.BOARD_GetLpuartClock
                0x0000000000015530       0x5c ./board/board.o
                0x0000000000015530                BOARD_GetLpuartClock
 .text.BOARD_GetTpmClock
                0x000000000001558c       0x5c ./board/board.o
                0x000000000001558c                BOARD_GetTpmClock
 .text.CLOCK_EnableClock
                0x00000000000155e8       0x34 ./board/clock_config.o
 .text.CLOCK_DisableClock
                0x000000000001561c       0x38 ./board/clock_config.o
 .text.CLOCK_SetLpuartClock
                0x0000000000015654       0x38 ./board/clock_config.o
 .text.CLOCK_SetTpmClock
                0x000000000001568c       0x38 ./board/clock_config.o
 .text.CLOCK_SetSimSafeDivs
                0x00000000000156c4       0x1c ./board/clock_config.o
 .text.CLOCK_SetXtal0Freq
                0x00000000000156e0       0x1c ./board/clock_config.o
 .text.CLOCK_SetXtal32Freq
                0x00000000000156fc       0x1c ./board/clock_config.o
 .text.RTC_SetOscCapLoad
                0x0000000000015718       0x34 ./board/clock_config.o
 .text.CLOCK_CONFIG_FllStableDelay
                0x000000000001574c       0x24 ./board/clock_config.o
 .text.CLOCK_CONFIG_SetRtcClock
                0x0000000000015770       0x4c ./board/clock_config.o
 .text.CLOCK_CONFIG_EnableRtcOsc
                0x00000000000157bc       0x50 ./board/clock_config.o
 .text.BOARD_RfOscInit
                0x000000000001580c       0xc8 ./board/clock_config.o
                0x000000000001580c                BOARD_RfOscInit
 .text.BOARD_InitOsc0
                0x00000000000158d4       0x30 ./board/clock_config.o
                0x00000000000158d4                BOARD_InitOsc0
 .text.BOARD_BootClockRUN
                0x0000000000015904       0x6c ./board/clock_config.o
                0x0000000000015904                BOARD_BootClockRUN
 .text.CLOCK_EnableClock
                0x0000000000015970       0x34 ./board/pin_mux.o
 .text.PORT_SetPinMux
                0x00000000000159a4       0x40 ./board/pin_mux.o
 .text.BOARD_InitPins
                0x00000000000159e4       0x1c ./board/pin_mux.o
                0x00000000000159e4                BOARD_InitPins
 .text.BOARD_InitLEDs
                0x0000000000015a00       0x78 ./board/pin_mux.o
                0x0000000000015a00                BOARD_InitLEDs
 .text.BOARD_InitLPUART
                0x0000000000015a78       0x4c ./board/pin_mux.o
                0x0000000000015a78                BOARD_InitLPUART
 .text.SystemInit
                0x0000000000015ac4       0x18 ./CMSIS/system_MKW41Z4.o
                0x0000000000015ac4                SystemInit
 .text.roundf   0x0000000000015adc       0x44 /Applications/MCUXpressoIDE_10.2.1_795/ide/tools/bin/../lib/gcc/arm-none-eabi/7.2.1/../../../../arm-none-eabi/lib/thumb/v6-m/libm.a(lib_a-sf_round.o)
                0x0000000000015adc                roundf
 .text.exit     0x0000000000015b20       0x20 /Applications/MCUXpressoIDE_10.2.1_795/ide/tools/bin/../lib/gcc/arm-none-eabi/7.2.1/../../../../arm-none-eabi/lib/thumb/v6-m/libc.a(lib_a-exit.o)
                0x0000000000015b20                exit
 .text.__libc_init_array
                0x0000000000015b40       0x48 /Applications/MCUXpressoIDE_10.2.1_795/ide/tools/bin/../lib/gcc/arm-none-eabi/7.2.1/../../../../arm-none-eabi/lib/thumb/v6-m/libc.a(lib_a-init.o)
                0x0000000000015b40                __libc_init_array
 .text.memcpy   0x0000000000015b88       0x88 /Applications/MCUXpressoIDE_10.2.1_795/ide/tools/bin/../lib/gcc/arm-none-eabi/7.2.1/../../../../arm-none-eabi/lib/thumb/v6-m/libc.a(lib_a-memcpy-stub.o)
                0x0000000000015b88                memcpy
 .text.memset   0x0000000000015c10       0x9c /Applications/MCUXpressoIDE_10.2.1_795/ide/tools/bin/../lib/gcc/arm-none-eabi/7.2.1/../../../../arm-none-eabi/lib/thumb/v6-m/libc.a(lib_a-memset.o)
                0x0000000000015c10                memset
 .text.strlen   0x0000000000015cac       0x64 /Applications/MCUXpressoIDE_10.2.1_795/ide/tools/bin/../lib/gcc/arm-none-eabi/7.2.1/../../../../arm-none-eabi/lib/thumb/v6-m/libc.a(lib_a-strlen-stub.o)
                0x0000000000015cac                strlen
 .text.startup.register_fini
                0x0000000000015d10       0x18 /Applications/MCUXpressoIDE_10.2.1_795/ide/tools/bin/../lib/gcc/arm-none-eabi/7.2.1/../../../../arm-none-eabi/lib/thumb/v6-m/libc.a(lib_a-__call_atexit.o)
 .text.__call_exitprocs
                0x0000000000015d28      0x118 /Applications/MCUXpressoIDE_10.2.1_795/ide/tools/bin/../lib/gcc/arm-none-eabi/7.2.1/../../../../arm-none-eabi/lib/thumb/v6-m/libc.a(lib_a-__call_atexit.o)
                0x0000000000015d28                __call_exitprocs
 .text.atexit   0x0000000000015e40       0x10 /Applications/MCUXpressoIDE_10.2.1_795/ide/tools/bin/../lib/gcc/arm-none-eabi/7.2.1/../../../../arm-none-eabi/lib/thumb/v6-m/libc.a(lib_a-atexit.o)
                0x0000000000015e40                atexit
 .text.__libc_fini_array
                0x0000000000015e50       0x34 /Applications/MCUXpressoIDE_10.2.1_795/ide/tools/bin/../lib/gcc/arm-none-eabi/7.2.1/../../../../arm-none-eabi/lib/thumb/v6-m/libc.a(lib_a-fini.o)
                0x0000000000015e50                __libc_fini_array
 .text.__retarget_lock_acquire_recursive